C:\Users\mauri\Documents\Adega\CMSIS/core_cm4.h:1679:22:__NVIC_EnableIRQ	16	static
C:\Users\mauri\Documents\Adega\drivers/fsl_common_arm.h:499:24:EnableIRQ	24	static
C:\Users\mauri\Documents\Adega\drivers/fsl_pit.h:159:20:PIT_EnableInterrupts	24	static
C:\Users\mauri\Documents\Adega\drivers/fsl_pit.h:246:20:PIT_SetTimerPeriod	24	static
C:\Users\mauri\Documents\Adega\drivers/fsl_pit.h:288:20:PIT_StartTimer	16	static
C:\Users\mauri\Documents\Adega\drivers/fsl_adc16.h:367:20:ADC16_EnableHardwareTrigger	16	static
../board/peripherals.c:120:13:PIT_1_init	24	static
../board/peripherals.c:204:13:ADC16_1_init	8	static
../board/peripherals.c:256:13:UART0_init	8	static
../board/peripherals.c:286:13:GPIOC_init	4	static
../board/peripherals.c:293:6:BOARD_InitPeripherals	8	static
../board/peripherals.c:305:6:BOARD_InitBootPeripherals	8	static
