C:\Users\mauri\Documents\Adega\drivers/fsl_clock.h:668:20:CLOCK_EnableClock	24	static
C:\Users\mauri\Documents\Adega\drivers/fsl_port.h:271:20:PORT_SetPinConfig	32	static
C:\Users\mauri\Documents\Adega\drivers/fsl_port.h:374:20:PORT_SetPinMux	24	static
C:\Users\mauri\Documents\Adega\drivers/fsl_port.h:443:20:PORT_SetPinInterruptConfig	24	static
../board/pin_mux.c:132:6:BOARD_InitBootPins	8	static
../board/pin_mux.c:157:6:BOARD_InitPins	16	static
../board/pin_mux.c:219:6:BOARD_InitButtonsPins	24	static
../board/pin_mux.c:303:6:BOARD_InitLEDsPins	32	static
../board/pin_mux.c:403:6:BOARD_InitDEBUG_UARTPins	16	static
../board/pin_mux.c:470:6:BOARD_InitOSCPins	8	static
../board/pin_mux.c:503:6:BOARD_InitACCELPins	32	static
../board/pin_mux.c:629:6:BOARD_InitENETPins	48	static
../board/pin_mux.c:844:6:BOARD_InitSDHCPins	40	static
../board/pin_mux.c:994:6:BOARD_InitUSBPins	4	static
