Archive member included to satisfy reference by file (symbol)

c:/nxp/mcuxpressoide_11.7.1_9221/ide/plugins/com.nxp.mcuxpresso.tools.win32_11.7.1.202301190959/tools/bin/../lib/gcc/arm-none-eabi/10.3.1/../../../../arm-none-eabi/lib/thumb/v7e-m+fp/hard\libcr_nohost_nf.a(_cr__main.o)
                              ./startup/startup_mk64f12.o (__main)
c:/nxp/mcuxpressoide_11.7.1_9221/ide/plugins/com.nxp.mcuxpresso.tools.win32_11.7.1.202301190959/tools/bin/../lib/gcc/arm-none-eabi/10.3.1/../../../../arm-none-eabi/lib/thumb/v7e-m+fp/hard\libcr_nohost_nf.a(_cr_assert.o)
                              ./source/MK64F12_Project_Adega.o (__assertion_failed)
c:/nxp/mcuxpressoide_11.7.1_9221/ide/plugins/com.nxp.mcuxpresso.tools.win32_11.7.1.202301190959/tools/bin/../lib/gcc/arm-none-eabi/10.3.1/../../../../arm-none-eabi/lib/thumb/v7e-m+fp/hard\libcr_nohost_nf.a(__ciob.o)
                              c:/nxp/mcuxpressoide_11.7.1_9221/ide/plugins/com.nxp.mcuxpresso.tools.win32_11.7.1.202301190959/tools/bin/../lib/gcc/arm-none-eabi/10.3.1/../../../../arm-none-eabi/lib/thumb/v7e-m+fp/hard\libcr_nohost_nf.a(_cr_assert.o) (__Ciob)
c:/nxp/mcuxpressoide_11.7.1_9221/ide/plugins/com.nxp.mcuxpresso.tools.win32_11.7.1.202301190959/tools/bin/../lib/gcc/arm-none-eabi/10.3.1/../../../../arm-none-eabi/lib/thumb/v7e-m+fp/hard\libcr_nohost_nf.a(__sys_appexit.o)
                              c:/nxp/mcuxpressoide_11.7.1_9221/ide/plugins/com.nxp.mcuxpresso.tools.win32_11.7.1.202301190959/tools/bin/../lib/gcc/arm-none-eabi/10.3.1/../../../../arm-none-eabi/lib/thumb/v7e-m+fp/hard\libcr_nohost_nf.a(_cr_assert.o) (__sys_appexit)
c:/nxp/mcuxpressoide_11.7.1_9221/ide/plugins/com.nxp.mcuxpresso.tools.win32_11.7.1.202301190959/tools/bin/../lib/gcc/arm-none-eabi/10.3.1/../../../../arm-none-eabi/lib/thumb/v7e-m+fp/hard\libcr_c.a(memcpy.o)
                              ./utilities/fsl_str.o (memcpy)
c:/nxp/mcuxpressoide_11.7.1_9221/ide/plugins/com.nxp.mcuxpresso.tools.win32_11.7.1.202301190959/tools/bin/../lib/gcc/arm-none-eabi/10.3.1/../../../../arm-none-eabi/lib/thumb/v7e-m+fp/hard\libcr_c.a(memset.o)
                              ./utilities/fsl_debug_console.o (memset)
c:/nxp/mcuxpressoide_11.7.1_9221/ide/plugins/com.nxp.mcuxpresso.tools.win32_11.7.1.202301190959/tools/bin/../lib/gcc/arm-none-eabi/10.3.1/../../../../arm-none-eabi/lib/thumb/v7e-m+fp/hard\libcr_c.a(_deferredlazyseek.o)
                              c:/nxp/mcuxpressoide_11.7.1_9221/ide/plugins/com.nxp.mcuxpresso.tools.win32_11.7.1.202301190959/tools/bin/../lib/gcc/arm-none-eabi/10.3.1/../../../../arm-none-eabi/lib/thumb/v7e-m+fp/hard\libcr_nohost_nf.a(_cr_assert.o) (__flsbuf)
c:/nxp/mcuxpressoide_11.7.1_9221/ide/plugins/com.nxp.mcuxpresso.tools.win32_11.7.1.202301190959/tools/bin/../lib/gcc/arm-none-eabi/10.3.1/../../../../arm-none-eabi/lib/thumb/v7e-m+fp/hard\libcr_c.a(_fflush.o)
                              c:/nxp/mcuxpressoide_11.7.1_9221/ide/plugins/com.nxp.mcuxpresso.tools.win32_11.7.1.202301190959/tools/bin/../lib/gcc/arm-none-eabi/10.3.1/../../../../arm-none-eabi/lib/thumb/v7e-m+fp/hard\libcr_c.a(_deferredlazyseek.o) (_fflush)
c:/nxp/mcuxpressoide_11.7.1_9221/ide/plugins/com.nxp.mcuxpresso.tools.win32_11.7.1.202301190959/tools/bin/../lib/gcc/arm-none-eabi/10.3.1/../../../../arm-none-eabi/lib/thumb/v7e-m+fp/hard\libcr_c.a(_writebuf.o)
                              c:/nxp/mcuxpressoide_11.7.1_9221/ide/plugins/com.nxp.mcuxpresso.tools.win32_11.7.1.202301190959/tools/bin/../lib/gcc/arm-none-eabi/10.3.1/../../../../arm-none-eabi/lib/thumb/v7e-m+fp/hard\libcr_c.a(_deferredlazyseek.o) (_Cwritebuf)
c:/nxp/mcuxpressoide_11.7.1_9221/ide/plugins/com.nxp.mcuxpresso.tools.win32_11.7.1.202301190959/tools/bin/../lib/gcc/arm-none-eabi/10.3.1/../../../../arm-none-eabi/lib/thumb/v7e-m+fp/hard\libcr_c.a(alloc.o)
                              ./drivers/fsl_common.o (malloc)
c:/nxp/mcuxpressoide_11.7.1_9221/ide/plugins/com.nxp.mcuxpresso.tools.win32_11.7.1.202301190959/tools/bin/../lib/gcc/arm-none-eabi/10.3.1/../../../../arm-none-eabi/lib/thumb/v7e-m+fp/hard\libcr_c.a(errno.o)
                              ./utilities/fsl_str.o (errno)
c:/nxp/mcuxpressoide_11.7.1_9221/ide/plugins/com.nxp.mcuxpresso.tools.win32_11.7.1.202301190959/tools/bin/../lib/gcc/arm-none-eabi/10.3.1/../../../../arm-none-eabi/lib/thumb/v7e-m+fp/hard\libcr_c.a(fputs.o)
                              c:/nxp/mcuxpressoide_11.7.1_9221/ide/plugins/com.nxp.mcuxpresso.tools.win32_11.7.1.202301190959/tools/bin/../lib/gcc/arm-none-eabi/10.3.1/../../../../arm-none-eabi/lib/thumb/v7e-m+fp/hard\libcr_nohost_nf.a(_cr_assert.o) (fputs)
c:/nxp/mcuxpressoide_11.7.1_9221/ide/plugins/com.nxp.mcuxpresso.tools.win32_11.7.1.202301190959/tools/bin/../lib/gcc/arm-none-eabi/10.3.1/../../../../arm-none-eabi/lib/thumb/v7e-m+fp/hard\libcr_c.a(fseek.o)
[...]
Memory Configuration

Name             Origin             Length             Attributes
PROGRAM_FLASH    0x00000000         0x00100000         xr
SRAM_UPPER       0x20000000         0x00030000         xrw
SRAM_LOWER       0x1fff0000         0x00010000         xrw
FLEX_RAM         0x14000000         0x00001000         xrw
*default*        0x00000000         0xffffffff

Linker script and memory map

LOAD ./utilities/fsl_debug_console.o
LOAD ./utilities/fsl_str.o
LOAD ./startup/startup_mk64f12.o
LOAD ./source/MK64F12_Project_Adega.o
LOAD ./source/semihost_hardfault.o
LOAD ./drivers/fsl_adc16.o
LOAD ./drivers/fsl_clock.o
LOAD ./drivers/fsl_common.o
LOAD ./drivers/fsl_common_arm.o
LOAD ./drivers/fsl_ftm.o
LOAD ./drivers/fsl_gpio.o
LOAD ./drivers/fsl_i2c.o
LOAD ./drivers/fsl_pit.o
LOAD ./drivers/fsl_smc.o
LOAD ./drivers/fsl_uart.o
LOAD ./device/system_MK64F12.o
LOAD ./component/uart/fsl_adapter_uart.o
LOAD ./component/serial_manager/fsl_component_serial_manager.o
LOAD ./component/serial_manager/fsl_component_serial_port_uart.o
LOAD ./component/lists/fsl_component_generic_list.o
LOAD ./board/board.o
LOAD ./board/clock_config.o
LOAD ./board/peripherals.o
LOAD ./board/pin_mux.o
START GROUP
LOAD c:/nxp/mcuxpressoide_11.7.1_9221/ide/plugins/com.nxp.mcuxpresso.tools.win32_11.7.1.202301190959/tools/bin/../lib/gcc/arm-none-eabi/10.3.1/../../../../arm-none-eabi/lib/thumb/v7e-m+fp/hard\libcr_nohost_nf.a
LOAD c:/nxp/mcuxpressoide_11.7.1_9221/ide/plugins/com.nxp.mcuxpresso.tools.win32_11.7.1.202301190959/tools/bin/../lib/gcc/arm-none-eabi/10.3.1/../../../../arm-none-eabi/lib/thumb/v7e-m+fp/hard\libcr_c.a
LOAD c:/nxp/mcuxpressoide_11.7.1_9221/ide/plugins/com.nxp.mcuxpresso.tools.win32_11.7.1.202301190959/tools/bin/../lib/gcc/arm-none-eabi/10.3.1/thumb/v7e-m+fp/hard\libcr_eabihelpers.a
LOAD c:/nxp/mcuxpressoide_11.7.1_9221/ide/plugins/com.nxp.mcuxpresso.tools.win32_11.7.1.202301190959/tools/bin/../lib/gcc/arm-none-eabi/10.3.1/thumb/v7e-m+fp/hard\libgcc.a
END GROUP
                0x00000000                __base_PROGRAM_FLASH = 0x0
                0x00000000                __base_Flash = 0x0
                0x00100000                __top_PROGRAM_FLASH = 0x100000
                0x00100000                __top_Flash = 0x100000
                0x20000000                __base_SRAM_UPPER = 0x20000000
                0x20000000                __base_RAM = 0x20000000
                0x20030000                __top_SRAM_UPPER = 0x20030000
                0x20030000                __top_RAM = 0x20030000
                0x1fff0000                __base_SRAM_LOWER = 0x1fff0000
                0x1fff0000                __base_RAM2 = 0x1fff0000
                0x20000000                __top_SRAM_LOWER = 0x20000000
                0x20000000                __top_RAM2 = 0x20000000
                0x14000000                __base_FLEX_RAM = 0x14000000
                0x14000000                __base_RAM3 = 0x14000000
                0x14001000                __top_FLEX_RAM = 0x14001000
                0x14001000                __top_RAM3 = 0x14001000

.text           0x00000000     0x5070
 FILL mask 0xff
                0x00000000                __vectors_start__ = ABSOLUTE (.)
 *(SORT_BY_ALIGNMENT(.isr_vector))
 .isr_vector    0x00000000      0x198 ./startup/startup_mk64f12.o
                0x00000000                g_pfnVectors
                0x00000000                __Vectors
                0x00000198                . = ALIGN (0x4)
                0x00000198                __section_table_start = .
                0x00000198                __data_section_table = .
                0x00000198        0x4 LONG 0x5070 LOADADDR (.data)
                0x0000019c        0x4 LONG 0x20000000 ADDR (.data)
                0x000001a0        0x4 LONG 0x20 SIZEOF (.data)
                0x000001a4        0x4 LONG 0x5070 LOADADDR (.data_RAM2)
                0x000001a8        0x4 LONG 0x1fff0000 ADDR (.data_RAM2)
                0x000001ac        0x4 LONG 0x0 SIZEOF (.data_RAM2)
                0x000001b0        0x4 LONG 0x5070 LOADADDR (.data_RAM3)
                0x000001b4        0x4 LONG 0x14000000 ADDR (.data_RAM3)
                0x000001b8        0x4 LONG 0x0 SIZEOF (.data_RAM3)
                0x000001bc                __data_section_table_end = .
                0x000001bc                __bss_section_table = .
                0x000001bc        0x4 LONG 0x20000020 ADDR (.bss)
                0x000001c0        0x4 LONG 0x148 SIZEOF (.bss)
                0x000001c4        0x4 LONG 0x1fff0000 ADDR (.bss_RAM2)
                0x000001c8        0x4 LONG 0x0 SIZEOF (.bss_RAM2)
                0x000001cc        0x4 LONG 0x14000000 ADDR (.bss_RAM3)
                0x000001d0        0x4 LONG 0x0 SIZEOF (.bss_RAM3)
                0x000001d4                __bss_section_table_end = .
                0x000001d4                __section_table_end = .
 *(SORT_BY_ALIGNMENT(.after_vectors*))
 .after_vectors.reset
                0x000001d4       0x4c ./startup/startup_mk64f12.o
                0x000001d4                ResetISR
 .after_vectors.init_data
                0x00000220       0x1e ./startup/startup_mk64f12.o
                0x00000220                data_init
 .after_vectors.init_bss
                0x0000023e       0x12 ./startup/startup_mk64f12.o
                0x0000023e                bss_init
 .after_vectors
                0x00000250       0x14 ./startup/startup_mk64f12.o
                0x00000250                NMI_Handler
                0x00000254                MemManage_Handler
                0x00000256                BusFault_Handler
                0x00000258                UsageFault_Handler
                0x0000025a                SVC_Handler
                0x0000025c                DebugMon_Handler
                0x0000025e                PendSV_Handler
                0x00000260                SysTick_Handler
                0x00000262                DMA_Error_DriverIRQHandler
                0x00000262                LPTMR0_DriverIRQHandler
                0x00000262                FTM1_DriverIRQHandler
                0x00000262                FTM2_DriverIRQHandler
                0x00000262                PIT2_DriverIRQHandler
                0x00000262                SDHC_DriverIRQHandler
                0x00000262                I2S0_Tx_DriverIRQHandler
                0x00000262                RTC_Seconds_DriverIRQHandler
                0x00000262                DMA6_DriverIRQHandler
                0x00000262                LLWU_DriverIRQHandler
                0x00000262                MCM_DriverIRQHandler
                0x00000262                MCG_DriverIRQHandler
                0x00000262                ENET_1588_Timer_DriverIRQHandler
                0x00000262                DAC1_DriverIRQHandler
                0x00000262                SPI1_DriverIRQHandler
                0x00000262                CMP1_DriverIRQHandler
                0x00000262                FTM0_DriverIRQHandler
                0x00000262                IntDefaultHandler
                0x00000262                USB0_DriverIRQHandler
                0x00000262                UART5_ERR_DriverIRQHandler
                0x00000262                PORTC_DriverIRQHandler
                0x00000262                DMA11_DriverIRQHandler
                0x00000262                DAC0_DriverIRQHandler
                0x00000262                DMA10_DriverIRQHandler
                0x00000262                CMP2_DriverIRQHandler
                0x00000262                UART2_ERR_DriverIRQHandler
                0x00000262                SPI2_DriverIRQHandler
                0x00000262                LVD_LVW_DriverIRQHandler
                0x00000262                PIT0_DriverIRQHandler
                0x00000262                DMA12_DriverIRQHandler
                0x00000262                DMA5_DriverIRQHandler
                0x00000262                DMA4_DriverIRQHandler
                0x00000262                USBDCD_DriverIRQHandler
                0x00000262                UART3_ERR_DriverIRQHandler
                0x00000262                DMA3_DriverIRQHandler
                0x00000262                DMA8_DriverIRQHandler
                0x00000262                DMA9_DriverIRQHandler
                0x00000262                UART0_ERR_DriverIRQHandler
                0x00000262                CMT_DriverIRQHandler
                0x00000262                Reserved71_DriverIRQHandler
                0x00000262                ADC1_DriverIRQHandler
                0x00000262                PORTA_DriverIRQHandler
                0x00000262                DMA14_DriverIRQHandler
                0x00000262                PIT3_DriverIRQHandler
                0x00000262                PIT1_DriverIRQHandler
                0x00000262                WDOG_EWM_DriverIRQHandler
                0x00000262                PDB0_DriverIRQHandler
                0x00000262                RTC_DriverIRQHandler
                0x00000262                I2S0_Rx_DriverIRQHandler
                0x00000262                Read_Collision_DriverIRQHandler
                0x00000262                SWI_DriverIRQHandler
                0x00000262                UART4_ERR_DriverIRQHandler
                0x00000262                PORTB_DriverIRQHandler
                0x00000262                UART0_LON_DriverIRQHandler
                0x00000262                DMA0_DriverIRQHandler
                0x00000262                DMA1_DriverIRQHandler
                0x00000262                ENET_Receive_DriverIRQHandler
                0x00000262                DMA13_DriverIRQHandler
                0x00000262                ENET_Error_DriverIRQHandler
                0x00000262                DMA15_DriverIRQHandler
                0x00000262                SPI0_DriverIRQHandler
                0x00000262                ADC0_DriverIRQHandler
                0x00000262                CMP0_DriverIRQHandler
                0x00000262                CAN0_DriverIRQHandler
                0x00000262                FTM3_DriverIRQHandler
                0x00000262                RNG_DriverIRQHandler
                0x00000262                UART1_ERR_DriverIRQHandler
                0x00000262                DMA2_DriverIRQHandler
                0x00000262                ENET_Transmit_DriverIRQHandler
                0x00000262                PORTD_DriverIRQHandler
                0x00000262                PORTE_DriverIRQHandler
                0x00000262                FTFE_DriverIRQHandler
                0x00000262                DMA7_DriverIRQHandler
                0x00000400                . = 0x400
 *fill*         0x00000264      0x19c ff
                0x00000400                PROVIDE (__FLASH_CONFIG_START__ = .)
 *(SORT_BY_ALIGNMENT(.FlashConfig))
 .FlashConfig   0x00000400       0x10 ./startup/startup_mk64f12.o
                0x00000400                Flash_Config
                0x00000410                PROVIDE (__FLASH_CONFIG_END__ = .)
                0x00000001                ASSERT (! ((__FLASH_CONFIG_START__ == __FLASH_CONFIG_END__)), Linker Flash Config Support Enabled, but no .FlashConfig section provided within application)
 *(SORT_BY_ALIGNMENT(.text*))
 .text.convertToTemperature
                0x00000410       0xf0 ./source/MK64F12_Project_Adega.o
                0x00000410                convertToTemperature
 .text.main     0x00000500       0x9c ./source/MK64F12_Project_Adega.o
                0x00000500                main
 *fill*         0x0000059c        0x4 ff
 .text.log      0x000005a0      0x1f0 c:/nxp/mcuxpressoide_11.7.1_9221/ide/plugins/com.nxp.mcuxpresso.tools.win32_11.7.1.202301190959/tools/bin/../lib/gcc/arm-none-eabi/10.3.1/../../../../arm-none-eabi/lib/thumb/v7e-m+fp/hard\libcr_c.a(log.o)
                0x000005a0                log
 .text.frexp    0x00000790       0x68 c:/nxp/mcuxpressoide_11.7.1_9221/ide/plugins/com.nxp.mcuxpresso.tools.win32_11.7.1.202301190959/tools/bin/../lib/gcc/arm-none-eabi/10.3.1/../../../../arm-none-eabi/lib/thumb/v7e-m+fp/hard\libcr_c.a(frexp.o)
                0x00000790                frexp
 .text.DbgConsole_Init
                0x000007f8      0x118 ./utilities/fsl_debug_console.o
                0x000007f8                DbgConsole_Init
 .text.ADC16_GetChannelConversionValue
                0x00000910       0x2c ./source/MK64F12_Project_Adega.o
 .text.PIT0_IRQHandler
                0x0000093c       0xd4 ./source/MK64F12_Project_Adega.o
                0x0000093c                PIT0_IRQHandler
 .text.ADC16_GetInstance
                0x00000a10       0x4c ./drivers/fsl_adc16.o
 .text.ADC16_Init
                0x00000a5c      0x118 ./drivers/fsl_adc16.o
                0x00000a5c                ADC16_Init
 .text.ADC16_SetChannelConfig
                0x00000b74       0x68 ./drivers/fsl_adc16.o
                0x00000b74                ADC16_SetChannelConfig
 .text.CLOCK_SetEr32kClock
                0x00000bdc       0x30 ./drivers/fsl_clock.o
 .text.CLOCK_SetPllFllSelClock
                0x00000c0c       0x38 ./drivers/fsl_clock.o
 .text.CLOCK_GetMcgExtClkFreq
                0x00000c44       0x7c ./drivers/fsl_clock.o
 .text.CLOCK_GetFllExtRefClkFreq
                0x00000cc0       0xb0 ./drivers/fsl_clock.o
 .text.CLOCK_GetInternalRefClkSelectFreq
                0x00000d70       0x4c ./drivers/fsl_clock.o
 .text.CLOCK_GetFllRefClkFreq
                0x00000dbc       0x34 ./drivers/fsl_clock.o
 .text.CLOCK_GetOscRangeFromFreq
                0x00000df0       0x3c ./drivers/fsl_clock.o
 .text.CLOCK_GetOsc0ErClkFreq
                0x00000e2c       0x44 ./drivers/fsl_clock.o
                0x00000e2c                CLOCK_GetOsc0ErClkFreq
 .text.CLOCK_GetEr32kClkFreq
                0x00000e70       0x74 ./drivers/fsl_clock.o
                0x00000e70                CLOCK_GetEr32kClkFreq
 .text.CLOCK_GetPllFllSelClkFreq
                0x00000ee4       0x54 ./drivers/fsl_clock.o
                0x00000ee4                CLOCK_GetPllFllSelClkFreq
 .text.CLOCK_GetCoreSysClkFreq
                0x00000f38       0x28 ./drivers/fsl_clock.o
                0x00000f38                CLOCK_GetCoreSysClkFreq
 .text.CLOCK_GetFreq
                0x00000f60      0x140 ./drivers/fsl_clock.o
                0x00000f60                CLOCK_GetFreq
 .text.CLOCK_SetSimConfig
                0x000010a0       0x34 ./drivers/fsl_clock.o
                0x000010a0                CLOCK_SetSimConfig
 .text.CLOCK_EnableUsbfs0Clock
                0x000010d4      0x108 ./drivers/fsl_clock.o
                0x000010d4                CLOCK_EnableUsbfs0Clock
 .text.CLOCK_GetOutClkFreq
                0x000011dc       0x64 ./drivers/fsl_clock.o
                0x000011dc                CLOCK_GetOutClkFreq
 .text.CLOCK_GetFllFreq
                0x00001240       0x84 ./drivers/fsl_clock.o
                0x00001240                CLOCK_GetFllFreq
 .text.CLOCK_GetInternalRefClkFreq
                0x000012c4       0x30 ./drivers/fsl_clock.o
                0x000012c4                CLOCK_GetInternalRefClkFreq
 .text.CLOCK_GetPll0Freq
                0x000012f4       0x78 ./drivers/fsl_clock.o
                0x000012f4                CLOCK_GetPll0Freq
 .text.CLOCK_SetExternalRefClkConfig
                0x0000136c       0x6c ./drivers/fsl_clock.o
                0x0000136c                CLOCK_SetExternalRefClkConfig
 .text.CLOCK_SetInternalRefClkConfig
                0x000013d8      0x104 ./drivers/fsl_clock.o
                0x000013d8                CLOCK_SetInternalRefClkConfig
 .text.CLOCK_EnablePll0
                0x000014dc       0x88 ./drivers/fsl_clock.o
                0x000014dc                CLOCK_EnablePll0
 .text.CLOCK_InitOsc0
                0x00001564       0x8c ./drivers/fsl_clock.o
                0x00001564                CLOCK_InitOsc0
 .text.CLOCK_SetPbeMode
                0x000015f0       0xa8 ./drivers/fsl_clock.o
                0x000015f0                CLOCK_SetPbeMode
 .text.CLOCK_BootToPeeMode
                0x00001698       0x64 ./drivers/fsl_clock.o
                0x00001698                CLOCK_BootToPeeMode
 .text.GPIO_PinInit
                0x000016fc       0x64 ./drivers/fsl_gpio.o
                0x000016fc                GPIO_PinInit
 .text.I2C_TransferCommonIRQHandler
                0x00001760       0x58 ./drivers/fsl_i2c.o
 .text.I2C0_DriverIRQHandler
                0x000017b8       0x1c ./drivers/fsl_i2c.o
                0x000017b8                I2C0_DriverIRQHandler
 .text.I2C1_DriverIRQHandler
                0x000017d4       0x1c ./drivers/fsl_i2c.o
                0x000017d4                I2C1_DriverIRQHandler
 .text.I2C2_DriverIRQHandler
                0x000017f0       0x1c ./drivers/fsl_i2c.o
                0x000017f0                I2C2_DriverIRQHandler
 .text.PIT_GetInstance
                0x0000180c       0x44 ./drivers/fsl_pit.o
 .text.PIT_Init
                0x00001850       0x94 ./drivers/fsl_pit.o
                0x00001850                PIT_Init
 .text.UART_GetInstance
                0x000018e4       0x54 ./drivers/fsl_uart.o
                0x000018e4                UART_GetInstance
 .text.UART_Init
                0x00001938      0x2f4 ./drivers/fsl_uart.o
                0x00001938                UART_Init
 .text.UART_GetDefaultConfig
                0x00001c2c       0x68 ./drivers/fsl_uart.o
                0x00001c2c                UART_GetDefaultConfig
 .text.UART0_DriverIRQHandler
                0x00001c94       0x28 ./drivers/fsl_uart.o
                0x00001c94                UART0_DriverIRQHandler
 .text.UART1_DriverIRQHandler
                0x00001cbc       0x28 ./drivers/fsl_uart.o
                0x00001cbc                UART1_DriverIRQHandler
 .text.UART2_DriverIRQHandler
                0x00001ce4       0x28 ./drivers/fsl_uart.o
                0x00001ce4                UART2_DriverIRQHandler
 .text.UART3_DriverIRQHandler
                0x00001d0c       0x28 ./drivers/fsl_uart.o
                0x00001d0c                UART3_DriverIRQHandler
 .text.UART4_DriverIRQHandler
                0x00001d34       0x28 ./drivers/fsl_uart.o
                0x00001d34                UART4_DriverIRQHandler
 .text.UART5_DriverIRQHandler
                0x00001d5c       0x28 ./drivers/fsl_uart.o
                0x00001d5c                UART5_DriverIRQHandler
 .text.SystemInit
                0x00001d84       0x3c ./device/system_MK64F12.o
                0x00001d84                SystemInit
 .text.HAL_UartInit
                0x00001dc0      0x128 ./component/uart/fsl_adapter_uart.o
                0x00001dc0                HAL_UartInit
 .text.CLOCK_SetSdhc0Clock
                0x00001ee8       0x38 ./board/clock_config.o
 .text.CLOCK_SetEnetTime0Clock
                0x00001f20       0x38 ./board/clock_config.o
 .text.CLOCK_SetRmii0Clock
                0x00001f58       0x38 ./board/clock_config.o
 .text.CLOCK_SetTraceClock
                0x00001f90       0x38 ./board/clock_config.o
 .text.CLOCK_SetClkOutClock
                0x00001fc8       0x34 ./board/clock_config.o
 .text.CLOCK_SetSimSafeDivs
                0x00001ffc       0x20 ./board/clock_config.o
 .text.CLOCK_SetXtal0Freq
                0x0000201c       0x20 ./board/clock_config.o
 .text.CLOCK_CONFIG_SetFllExtRefDiv
                0x0000203c       0x3c ./board/clock_config.o
 .text.BOARD_BootClockRUN
                0x00002078       0x88 ./board/clock_config.o
                0x00002078                BOARD_BootClockRUN
 .text.__NVIC_EnableIRQ
                0x00002100       0x3c ./board/peripherals.o
 .text.PIT_SetTimerPeriod
                0x0000213c       0x38 ./board/peripherals.o
 .text.PIT_1_init
                0x00002174       0x84 ./board/peripherals.o
 .text.ADC16_1_init
                0x000021f8       0x44 ./board/peripherals.o
 .text.UART0_init
                0x0000223c       0x24 ./board/peripherals.o
 .text.PORT_SetPinConfig
                0x00002260       0x38 ./board/pin_mux.o
 .text.BOARD_InitPins
                0x00002298       0x80 ./board/pin_mux.o
                0x00002298                BOARD_InitPins
 .text.BOARD_InitDEBUG_UARTPins
                0x00002318       0x68 ./board/pin_mux.o
                0x00002318                BOARD_InitDEBUG_UARTPins
 .text.__assertion_failed
                0x00002380       0x4c c:/nxp/mcuxpressoide_11.7.1_9221/ide/plugins/com.nxp.mcuxpresso.tools.win32_11.7.1.202301190959/tools/bin/../lib/gcc/arm-none-eabi/10.3.1/../../../../arm-none-eabi/lib/thumb/v7e-m+fp/hard\libcr_nohost_nf.a(_cr_assert.o)
                0x00002380                __assertion_failed
 .text._Cwritebuf
                0x000023cc       0x6c c:/nxp/mcuxpressoide_11.7.1_9221/ide/plugins/com.nxp.mcuxpresso.tools.win32_11.7.1.202301190959/tools/bin/../lib/gcc/arm-none-eabi/10.3.1/../../../../arm-none-eabi/lib/thumb/v7e-m+fp/hard\libcr_c.a(_writebuf.o)
                0x000023cc                _Cwritebuf
 .text.malloc   0x00002438       0xc8 c:/nxp/mcuxpressoide_11.7.1_9221/ide/plugins/com.nxp.mcuxpresso.tools.win32_11.7.1.202301190959/tools/bin/../lib/gcc/arm-none-eabi/10.3.1/../../../../arm-none-eabi/lib/thumb/v7e-m+fp/hard\libcr_c.a(alloc.o)
                0x00002438                malloc
 .text._Csys_alloc
                0x00002500       0x20 c:/nxp/mcuxpressoide_11.7.1_9221/ide/plugins/com.nxp.mcuxpresso.tools.win32_11.7.1.202301190959/tools/bin/../lib/gcc/arm-none-eabi/10.3.1/../../../../arm-none-eabi/lib/thumb/v7e-m+fp/hard\libcr_c.a(alloc.o)
                0x00002500                _Csys_alloc
 .text.fseek    0x00002520       0xfc c:/nxp/mcuxpressoide_11.7.1_9221/ide/plugins/com.nxp.mcuxpresso.tools.win32_11.7.1.202301190959/tools/bin/../lib/gcc/arm-none-eabi/10.3.1/../../../../arm-none-eabi/lib/thumb/v7e-m+fp/hard\libcr_c.a(fseek.o)
                0x00002520                fseek
 .text.ftell    0x0000261c       0x44 c:/nxp/mcuxpressoide_11.7.1_9221/ide/plugins/com.nxp.mcuxpresso.tools.win32_11.7.1.202301190959/tools/bin/../lib/gcc/arm-none-eabi/10.3.1/../../../../arm-none-eabi/lib/thumb/v7e-m+fp/hard\libcr_c.a(ftell.o)
                0x0000261c                ftell
 .text._initio  0x00002660       0x78 c:/nxp/mcuxpressoide_11.7.1_9221/ide/plugins/com.nxp.mcuxpresso.tools.win32_11.7.1.202301190959/tools/bin/../lib/gcc/arm-none-eabi/10.3.1/../../../../arm-none-eabi/lib/thumb/v7e-m+fp/hard\libcr_c.a(initio.o)
                0x00002660                _initio
 .text.__vfprintf
                0x000026d8      0xbf8 c:/nxp/mcuxpressoide_11.7.1_9221/ide/plugins/com.nxp.mcuxpresso.tools.win32_11.7.1.202301190959/tools/bin/../lib/gcc/arm-none-eabi/10.3.1/../../../../arm-none-eabi/lib/thumb/v7e-m+fp/hard\libcr_c.a(printf.o)
                0x000026d8                __vfprintf
 .text._sprintf
                0x000032d0       0x6c c:/nxp/mcuxpressoide_11.7.1_9221/ide/plugins/com.nxp.mcuxpresso.tools.win32_11.7.1.202301190959/tools/bin/../lib/gcc/arm-none-eabi/10.3.1/../../../../arm-none-eabi/lib/thumb/v7e-m+fp/hard\libcr_c.a(printf.o)
                0x000032d0                _sprintf
 .text._sbrk    0x0000333c       0x3c c:/nxp/mcuxpressoide_11.7.1_9221/ide/plugins/com.nxp.mcuxpresso.tools.win32_11.7.1.202301190959/tools/bin/../lib/gcc/arm-none-eabi/10.3.1/../../../../arm-none-eabi/lib/thumb/v7e-m+fp/hard\libcr_c.a(_cr_sbrk.o)
                0x0000333c                _sbrk
 .text.fflush   0x00003378       0x3c c:/nxp/mcuxpressoide_11.7.1_9221/ide/plugins/com.nxp.mcuxpresso.tools.win32_11.7.1.202301190959/tools/bin/../lib/gcc/arm-none-eabi/10.3.1/../../../../arm-none-eabi/lib/thumb/v7e-m+fp/hard\libcr_c.a(fflush.o)
                0x00003378                fflush
 .text.__check_heap_overflow
                0x000033b4       0x18 c:/nxp/mcuxpressoide_11.7.1_9221/ide/plugins/com.nxp.mcuxpresso.tools.win32_11.7.1.202301190959/tools/bin/../lib/gcc/arm-none-eabi/10.3.1/../../../../arm-none-eabi/lib/thumb/v7e-m+fp/hard\libcr_c.a(_cr_check_heap.o)
                0x000033b4                __check_heap_overflow
 .text.__aeabi_dmul
                0x000033cc       0xfc c:/nxp/mcuxpressoide_11.7.1_9221/ide/plugins/com.nxp.mcuxpresso.tools.win32_11.7.1.202301190959/tools/bin/../lib/gcc/arm-none-eabi/10.3.1/thumb/v7e-m+fp/hard\libcr_eabihelpers.a(double.o)
                0x000033cc                __aeabi_dmul
 .text.__aeabi_ddiv
                0x000034c8      0x138 c:/nxp/mcuxpressoide_11.7.1_9221/ide/plugins/com.nxp.mcuxpresso.tools.win32_11.7.1.202301190959/tools/bin/../lib/gcc/arm-none-eabi/10.3.1/thumb/v7e-m+fp/hard\libcr_eabihelpers.a(double.o)
                0x000034c8                __aeabi_ddiv
 .text.__aeabi_dsub
                0x00003600      0x1ac c:/nxp/mcuxpressoide_11.7.1_9221/ide/plugins/com.nxp.mcuxpresso.tools.win32_11.7.1.202301190959/tools/bin/../lib/gcc/arm-none-eabi/10.3.1/thumb/v7e-m+fp/hard\libcr_eabihelpers.a(double.o)
                0x00003600                __aeabi_dsub
 .text.__aeabi_dadd
                0x000037ac      0x114 c:/nxp/mcuxpressoide_11.7.1_9221/ide/plugins/com.nxp.mcuxpresso.tools.win32_11.7.1.202301190959/tools/bin/../lib/gcc/arm-none-eabi/10.3.1/thumb/v7e-m+fp/hard\libcr_eabihelpers.a(double.o)
                0x000037ac                __aeabi_dadd
 .text.__aeabi_d2f
                0x000038c0       0x58 c:/nxp/mcuxpressoide_11.7.1_9221/ide/plugins/com.nxp.mcuxpresso.tools.win32_11.7.1.202301190959/tools/bin/../lib/gcc/arm-none-eabi/10.3.1/thumb/v7e-m+fp/hard\libcr_eabihelpers.a(double.o)
                0x000038c0                __aeabi_d2f
 .text.__aeabi_f2d
                0x00003918       0x38 c:/nxp/mcuxpressoide_11.7.1_9221/ide/plugins/com.nxp.mcuxpresso.tools.win32_11.7.1.202301190959/tools/bin/../lib/gcc/arm-none-eabi/10.3.1/thumb/v7e-m+fp/hard\libcr_eabihelpers.a(float.o)
                0x00003918                __aeabi_f2d
 .text.DMA0_IRQHandler
                0x00003950        0x8 ./startup/startup_mk64f12.o
                0x00003950                DMA0_IRQHandler
 .text.DMA1_IRQHandler
                0x00003958        0x8 ./startup/startup_mk64f12.o
                0x00003958                DMA1_IRQHandler
 .text.DMA2_IRQHandler
                0x00003960        0x8 ./startup/startup_mk64f12.o
                0x00003960                DMA2_IRQHandler
 .text.DMA3_IRQHandler
                0x00003968        0x8 ./startup/startup_mk64f12.o
                0x00003968                DMA3_IRQHandler
 .text.DMA4_IRQHandler
                0x00003970        0x8 ./startup/startup_mk64f12.o
                0x00003970                DMA4_IRQHandler
 .text.DMA5_IRQHandler
                0x00003978        0x8 ./startup/startup_mk64f12.o
                0x00003978                DMA5_IRQHandler
 .text.DMA6_IRQHandler
                0x00003980        0x8 ./startup/startup_mk64f12.o
                0x00003980                DMA6_IRQHandler
 .text.DMA7_IRQHandler
                0x00003988        0x8 ./startup/startup_mk64f12.o
                0x00003988                DMA7_IRQHandler
 .text.DMA8_IRQHandler
                0x00003990        0x8 ./startup/startup_mk64f12.o
                0x00003990                DMA8_IRQHandler
 .text.DMA9_IRQHandler
                0x00003998        0x8 ./startup/startup_mk64f12.o
                0x00003998                DMA9_IRQHandler
 .text.DMA10_IRQHandler
                0x000039a0        0x8 ./startup/startup_mk64f12.o
                0x000039a0                DMA10_IRQHandler
 .text.DMA11_IRQHandler
                0x000039a8        0x8 ./startup/startup_mk64f12.o
                0x000039a8                DMA11_IRQHandler
 .text.DMA12_IRQHandler
                0x000039b0        0x8 ./startup/startup_mk64f12.o
                0x000039b0                DMA12_IRQHandler
 .text.DMA13_IRQHandler
                0x000039b8        0x8 ./startup/startup_mk64f12.o
                0x000039b8                DMA13_IRQHandler
 .text.DMA14_IRQHandler
                0x000039c0        0x8 ./startup/startup_mk64f12.o
                0x000039c0                DMA14_IRQHandler
 .text.DMA15_IRQHandler
                0x000039c8        0x8 ./startup/startup_mk64f12.o
                0x000039c8                DMA15_IRQHandler
 .text.DMA_Error_IRQHandler
                0x000039d0        0x8 ./startup/startup_mk64f12.o
                0x000039d0                DMA_Error_IRQHandler
 .text.MCM_IRQHandler
                0x000039d8        0x8 ./startup/startup_mk64f12.o
                0x000039d8                MCM_IRQHandler
 .text.FTFE_IRQHandler
                0x000039e0        0x8 ./startup/startup_mk64f12.o
                0x000039e0                FTFE_IRQHandler
 .text.Read_Collision_IRQHandler
                0x000039e8        0x8 ./startup/startup_mk64f12.o
                0x000039e8                Read_Collision_IRQHandler
 .text.LVD_LVW_IRQHandler
                0x000039f0        0x8 ./startup/startup_mk64f12.o
                0x000039f0                LVD_LVW_IRQHandler
 .text.LLWU_IRQHandler
                0x000039f8        0x8 ./startup/startup_mk64f12.o
                0x000039f8                LLWU_IRQHandler
 .text.WDOG_EWM_IRQHandler
                0x00003a00        0x8 ./startup/startup_mk64f12.o
                0x00003a00                WDOG_EWM_IRQHandler
 .text.RNG_IRQHandler
                0x00003a08        0x8 ./startup/startup_mk64f12.o
                0x00003a08                RNG_IRQHandler
 .text.I2C0_IRQHandler
                0x00003a10        0x8 ./startup/startup_mk64f12.o
                0x00003a10                I2C0_IRQHandler
 .text.I2C1_IRQHandler
                0x00003a18        0x8 ./startup/startup_mk64f12.o
                0x00003a18                I2C1_IRQHandler
 .text.SPI0_IRQHandler
                0x00003a20        0x8 ./startup/startup_mk64f12.o
                0x00003a20                SPI0_IRQHandler
 .text.SPI1_IRQHandler
                0x00003a28        0x8 ./startup/startup_mk64f12.o
                0x00003a28                SPI1_IRQHandler
 .text.I2S0_Tx_IRQHandler
                0x00003a30        0x8 ./startup/startup_mk64f12.o
                0x00003a30                I2S0_Tx_IRQHandler
 .text.I2S0_Rx_IRQHandler
                0x00003a38        0x8 ./startup/startup_mk64f12.o
                0x00003a38                I2S0_Rx_IRQHandler
 .text.UART0_LON_IRQHandler
                0x00003a40        0x8 ./startup/startup_mk64f12.o
                0x00003a40                UART0_LON_IRQHandler
 .text.UART0_RX_TX_IRQHandler
                0x00003a48        0x8 ./startup/startup_mk64f12.o
                0x00003a48                UART0_RX_TX_IRQHandler
 .text.UART0_ERR_IRQHandler
                0x00003a50        0x8 ./startup/startup_mk64f12.o
                0x00003a50                UART0_ERR_IRQHandler
 .text.UART1_RX_TX_IRQHandler
                0x00003a58        0x8 ./startup/startup_mk64f12.o
                0x00003a58                UART1_RX_TX_IRQHandler
 .text.UART1_ERR_IRQHandler
                0x00003a60        0x8 ./startup/startup_mk64f12.o
                0x00003a60                UART1_ERR_IRQHandler
 .text.UART2_RX_TX_IRQHandler
                0x00003a68        0x8 ./startup/startup_mk64f12.o
                0x00003a68                UART2_RX_TX_IRQHandler
 .text.UART2_ERR_IRQHandler
                0x00003a70        0x8 ./startup/startup_mk64f12.o
                0x00003a70                UART2_ERR_IRQHandler
 .text.UART3_RX_TX_IRQHandler
                0x00003a78        0x8 ./startup/startup_mk64f12.o
                0x00003a78                UART3_RX_TX_IRQHandler
 .text.UART3_ERR_IRQHandler
                0x00003a80        0x8 ./startup/startup_mk64f12.o
                0x00003a80                UART3_ERR_IRQHandler
 .text.ADC0_IRQHandler
                0x00003a88        0x8 ./startup/startup_mk64f12.o
                0x00003a88                ADC0_IRQHandler
 .text.CMP0_IRQHandler
                0x00003a90        0x8 ./startup/startup_mk64f12.o
                0x00003a90                CMP0_IRQHandler
 .text.CMP1_IRQHandler
                0x00003a98        0x8 ./startup/startup_mk64f12.o
                0x00003a98                CMP1_IRQHandler
 .text.FTM0_IRQHandler
                0x00003aa0        0x8 ./startup/startup_mk64f12.o
                0x00003aa0                FTM0_IRQHandler
 .text.FTM1_IRQHandler
                0x00003aa8        0x8 ./startup/startup_mk64f12.o
                0x00003aa8                FTM1_IRQHandler
 .text.FTM2_IRQHandler
                0x00003ab0        0x8 ./startup/startup_mk64f12.o
                0x00003ab0                FTM2_IRQHandler
 .text.CMT_IRQHandler
                0x00003ab8        0x8 ./startup/startup_mk64f12.o
                0x00003ab8                CMT_IRQHandler
 .text.RTC_IRQHandler
                0x00003ac0        0x8 ./startup/startup_mk64f12.o
                0x00003ac0                RTC_IRQHandler
 .text.RTC_Seconds_IRQHandler
                0x00003ac8        0x8 ./startup/startup_mk64f12.o
                0x00003ac8                RTC_Seconds_IRQHandler
 .text.PIT1_IRQHandler
                0x00003ad0        0x8 ./startup/startup_mk64f12.o
                0x00003ad0                PIT1_IRQHandler
 .text.PIT2_IRQHandler
                0x00003ad8        0x8 ./startup/startup_mk64f12.o
                0x00003ad8                PIT2_IRQHandler
 .text.PIT3_IRQHandler
                0x00003ae0        0x8 ./startup/startup_mk64f12.o
                0x00003ae0                PIT3_IRQHandler
 .text.PDB0_IRQHandler
                0x00003ae8        0x8 ./startup/startup_mk64f12.o
                0x00003ae8                PDB0_IRQHandler
 .text.USB0_IRQHandler
                0x00003af0        0x8 ./startup/startup_mk64f12.o
                0x00003af0                USB0_IRQHandler
 .text.USBDCD_IRQHandler
                0x00003af8        0x8 ./startup/startup_mk64f12.o
                0x00003af8                USBDCD_IRQHandler
 .text.Reserved71_IRQHandler
                0x00003b00        0x8 ./startup/startup_mk64f12.o
                0x00003b00                Reserved71_IRQHandler
 .text.DAC0_IRQHandler
                0x00003b08        0x8 ./startup/startup_mk64f12.o
                0x00003b08                DAC0_IRQHandler
 .text.MCG_IRQHandler
                0x00003b10        0x8 ./startup/startup_mk64f12.o
                0x00003b10                MCG_IRQHandler
 .text.LPTMR0_IRQHandler
                0x00003b18        0x8 ./startup/startup_mk64f12.o
                0x00003b18                LPTMR0_IRQHandler
 .text.PORTA_IRQHandler
                0x00003b20        0x8 ./startup/startup_mk64f12.o
                0x00003b20                PORTA_IRQHandler
 .text.PORTB_IRQHandler
                0x00003b28        0x8 ./startup/startup_mk64f12.o
                0x00003b28                PORTB_IRQHandler
 .text.PORTC_IRQHandler
                0x00003b30        0x8 ./startup/startup_mk64f12.o
                0x00003b30                PORTC_IRQHandler
 .text.PORTD_IRQHandler
                0x00003b38        0x8 ./startup/startup_mk64f12.o
                0x00003b38                PORTD_IRQHandler
 .text.PORTE_IRQHandler
                0x00003b40        0x8 ./startup/startup_mk64f12.o
                0x00003b40                PORTE_IRQHandler
 .text.SWI_IRQHandler
                0x00003b48        0x8 ./startup/startup_mk64f12.o
                0x00003b48                SWI_IRQHandler
 .text.SPI2_IRQHandler
                0x00003b50        0x8 ./startup/startup_mk64f12.o
                0x00003b50                SPI2_IRQHandler
 .text.UART4_RX_TX_IRQHandler
                0x00003b58        0x8 ./startup/startup_mk64f12.o
                0x00003b58                UART4_RX_TX_IRQHandler
 .text.UART4_ERR_IRQHandler
                0x00003b60        0x8 ./startup/startup_mk64f12.o
                0x00003b60                UART4_ERR_IRQHandler
 .text.UART5_RX_TX_IRQHandler
                0x00003b68        0x8 ./startup/startup_mk64f12.o
                0x00003b68                UART5_RX_TX_IRQHandler
 .text.UART5_ERR_IRQHandler
                0x00003b70        0x8 ./startup/startup_mk64f12.o
                0x00003b70                UART5_ERR_IRQHandler
 .text.CMP2_IRQHandler
                0x00003b78        0x8 ./startup/startup_mk64f12.o
                0x00003b78                CMP2_IRQHandler
 .text.FTM3_IRQHandler
                0x00003b80        0x8 ./startup/startup_mk64f12.o
                0x00003b80                FTM3_IRQHandler
 .text.DAC1_IRQHandler
                0x00003b88        0x8 ./startup/startup_mk64f12.o
                0x00003b88                DAC1_IRQHandler
 .text.ADC1_IRQHandler
                0x00003b90        0x8 ./startup/startup_mk64f12.o
                0x00003b90                ADC1_IRQHandler
 .text.I2C2_IRQHandler
                0x00003b98        0x8 ./startup/startup_mk64f12.o
                0x00003b98                I2C2_IRQHandler
 .text.CAN0_ORed_Message_buffer_IRQHandler
                0x00003ba0        0x8 ./startup/startup_mk64f12.o
                0x00003ba0                CAN0_ORed_Message_buffer_IRQHandler
 .text.CAN0_Bus_Off_IRQHandler
                0x00003ba8        0x8 ./startup/startup_mk64f12.o
                0x00003ba8                CAN0_Bus_Off_IRQHandler
 .text.CAN0_Error_IRQHandler
                0x00003bb0        0x8 ./startup/startup_mk64f12.o
                0x00003bb0                CAN0_Error_IRQHandler
 .text.CAN0_Tx_Warning_IRQHandler
                0x00003bb8        0x8 ./startup/startup_mk64f12.o
                0x00003bb8                CAN0_Tx_Warning_IRQHandler
 .text.CAN0_Rx_Warning_IRQHandler
                0x00003bc0        0x8 ./startup/startup_mk64f12.o
                0x00003bc0                CAN0_Rx_Warning_IRQHandler
 .text.CAN0_Wake_Up_IRQHandler
                0x00003bc8        0x8 ./startup/startup_mk64f12.o
                0x00003bc8                CAN0_Wake_Up_IRQHandler
 .text.SDHC_IRQHandler
                0x00003bd0        0x8 ./startup/startup_mk64f12.o
                0x00003bd0                SDHC_IRQHandler
 .text.ENET_1588_Timer_IRQHandler
                0x00003bd8        0x8 ./startup/startup_mk64f12.o
                0x00003bd8                ENET_1588_Timer_IRQHandler
 .text.ENET_Transmit_IRQHandler
                0x00003be0        0x8 ./startup/startup_mk64f12.o
                0x00003be0                ENET_Transmit_IRQHandler
 .text.ENET_Receive_IRQHandler
                0x00003be8        0x8 ./startup/startup_mk64f12.o
                0x00003be8                ENET_Receive_IRQHandler
 .text.ENET_Error_IRQHandler
                0x00003bf0        0x8 ./startup/startup_mk64f12.o
                0x00003bf0                ENET_Error_IRQHandler
 .text.GPIO_PortSet
                0x00003bf8       0x1c ./source/MK64F12_Project_Adega.o
 .text.GPIO_PortClear
                0x00003c14       0x1c ./source/MK64F12_Project_Adega.o
 .text.PIT_ClearStatusFlags
                0x00003c30       0x2a ./source/MK64F12_Project_Adega.o
 .text.HardFault_Handler
                0x00003c5a       0x2c ./source/semihost_hardfault.o
                0x00003c5a                HardFault_Handler
 .text.CLOCK_EnableClock
                0x00003c86       0x34 ./drivers/fsl_adc16.o
 .text.ADC16_SetChannelMuxMode
                0x00003cba       0x38 ./drivers/fsl_adc16.o
                0x00003cba                ADC16_SetChannelMuxMode
 .text.ADC16_SetHardwareAverage
                0x00003cf2       0x3e ./drivers/fsl_adc16.o
                0x00003cf2                ADC16_SetHardwareAverage
 .text.CLOCK_EnableClock
                0x00003d30       0x34 ./drivers/fsl_clock.o
 .text.CLOCK_DisableClock
                0x00003d64       0x38 ./drivers/fsl_clock.o
 .text.OSC_SetExtRefClkConfig
                0x00003d9c       0x34 ./drivers/fsl_clock.o
 .text.OSC_SetCapLoad
                0x00003dd0       0x34 ./drivers/fsl_clock.o
 .text.CLOCK_GetPll0RefFreq
                0x00003e04        0xe ./drivers/fsl_clock.o
 .text.CLOCK_GetFixedFreqClkFreq
                0x00003e12       0x34 ./drivers/fsl_clock.o
                0x00003e12                CLOCK_GetFixedFreqClkFreq
 .text.GPIO_PinWrite
                0x00003e46       0x36 ./drivers/fsl_gpio.o
 .text.CLOCK_EnableClock
                0x00003e7c       0x34 ./drivers/fsl_pit.o
 .text.CLOCK_EnableClock
                0x00003eb0       0x34 ./drivers/fsl_uart.o
 .text.UART_WriteBlocking
                0x00003ee4       0x50 ./drivers/fsl_uart.o
                0x00003ee4                UART_WriteBlocking
 .text.UART0_RX_TX_DriverIRQHandler
                0x00003f34       0x12 ./drivers/fsl_uart.o
                0x00003f34                UART0_RX_TX_DriverIRQHandler
 .text.UART1_RX_TX_DriverIRQHandler
                0x00003f46       0x12 ./drivers/fsl_uart.o
                0x00003f46                UART1_RX_TX_DriverIRQHandler
 .text.UART2_RX_TX_DriverIRQHandler
                0x00003f58       0x12 ./drivers/fsl_uart.o
                0x00003f58                UART2_RX_TX_DriverIRQHandler
 .text.UART3_RX_TX_DriverIRQHandler
                0x00003f6a       0x12 ./drivers/fsl_uart.o
                0x00003f6a                UART3_RX_TX_DriverIRQHandler
 .text.UART4_RX_TX_DriverIRQHandler
                0x00003f7c       0x12 ./drivers/fsl_uart.o
                0x00003f7c                UART4_RX_TX_DriverIRQHandler
 .text.UART5_RX_TX_DriverIRQHandler
                0x00003f8e       0x12 ./drivers/fsl_uart.o
                0x00003f8e                UART5_RX_TX_DriverIRQHandler
 .text.SystemInitHook
                0x00003fa0        0xe ./device/system_MK64F12.o
                0x00003fa0                SystemInitHook
 .text.HAL_UartGetStatus
                0x00003fae       0x22 ./component/uart/fsl_adapter_uart.o
 .text.DisableGlobalIRQ
                0x00003fd0       0x22 ./component/serial_manager/fsl_component_serial_manager.o
 .text.EnableGlobalIRQ
                0x00003ff2       0x20 ./component/serial_manager/fsl_component_serial_manager.o
 .text.SerialManager_Init
                0x00004012       0x60 ./component/serial_manager/fsl_component_serial_manager.o
                0x00004012                SerialManager_Init
 .text.SerialManager_OpenWriteHandle
                0x00004072       0x50 ./component/serial_manager/fsl_component_serial_manager.o
                0x00004072                SerialManager_OpenWriteHandle
 .text.SerialManager_OpenReadHandle
                0x000040c2       0x60 ./component/serial_manager/fsl_component_serial_manager.o
                0x000040c2                SerialManager_OpenReadHandle
 .text.Serial_UartInit
                0x00004122       0x3e ./component/serial_manager/fsl_component_serial_port_uart.o
                0x00004122                Serial_UartInit
 .text.BOARD_InitDebugConsole
                0x00004160       0x22 ./board/board.o
                0x00004160                BOARD_InitDebugConsole
 .text.BOARD_InitBootClocks
                0x00004182        0xc ./board/clock_config.o
                0x00004182                BOARD_InitBootClocks
 .text.EnableIRQ
                0x0000418e       0x32 ./board/peripherals.o
 .text.PIT_EnableInterrupts
                0x000041c0       0x3a ./board/peripherals.o
 .text.PIT_StartTimer
                0x000041fa       0x38 ./board/peripherals.o
 .text.ADC16_EnableHardwareTrigger
                0x00004232       0x38 ./board/peripherals.o
 .text.GPIOC_init
                0x0000426a        0xe ./board/peripherals.o
 .text.BOARD_InitPeripherals
                0x00004278       0x18 ./board/peripherals.o
                0x00004278                BOARD_InitPeripherals
 .text.BOARD_InitBootPeripherals
                0x00004290        0xc ./board/peripherals.o
                0x00004290                BOARD_InitBootPeripherals
 .text.CLOCK_EnableClock
                0x0000429c       0x34 ./board/pin_mux.o
 .text.PORT_SetPinMux
                0x000042d0       0x3a ./board/pin_mux.o
 .text.BOARD_InitBootPins
                0x0000430a       0x10 ./board/pin_mux.o
                0x0000430a                BOARD_InitBootPins
 .text.__main   0x0000431a        0xe c:/nxp/mcuxpressoide_11.7.1_9221/ide/plugins/com.nxp.mcuxpresso.tools.win32_11.7.1.202301190959/tools/bin/../lib/gcc/arm-none-eabi/10.3.1/../../../../arm-none-eabi/lib/thumb/v7e-m+fp/hard\libcr_nohost_nf.a(_cr__main.o)
                0x0000431a                __main
 .text.__sys_appexit
                0x00004328        0x2 c:/nxp/mcuxpressoide_11.7.1_9221/ide/plugins/com.nxp.mcuxpresso.tools.win32_11.7.1.202301190959/tools/bin/../lib/gcc/arm-none-eabi/10.3.1/../../../../arm-none-eabi/lib/thumb/v7e-m+fp/hard\libcr_nohost_nf.a(__sys_appexit.o)
                0x00004328                __sys_appexit
                0x00004328                __exit
 .text.memset   0x0000432a        0x4 c:/nxp/mcuxpressoide_11.7.1_9221/ide/plugins/com.nxp.mcuxpresso.tools.win32_11.7.1.202301190959/tools/bin/../lib/gcc/arm-none-eabi/10.3.1/../../../../arm-none-eabi/lib/thumb/v7e-m+fp/hard\libcr_c.a(memset.o)
                0x0000432a                memset
 .text._deferredlazyseek
                0x0000432e       0x40 c:/nxp/mcuxpressoide_11.7.1_9221/ide/plugins/com.nxp.mcuxpresso.tools.win32_11.7.1.202301190959/tools/bin/../lib/gcc/arm-none-eabi/10.3.1/../../../../arm-none-eabi/lib/thumb/v7e-m+fp/hard\libcr_c.a(_deferredlazyseek.o)
                0x0000432e                _deferredlazyseek
 .text.__flsbuf
                0x0000436e      0x140 c:/nxp/mcuxpressoide_11.7.1_9221/ide/plugins/com.nxp.mcuxpresso.tools.win32_11.7.1.202301190959/tools/bin/../lib/gcc/arm-none-eabi/10.3.1/../../../../arm-none-eabi/lib/thumb/v7e-m+fp/hard\libcr_c.a(_deferredlazyseek.o)
                0x0000436e                __flsbuf
 .text._fflush  0x000044ae       0x52 c:/nxp/mcuxpressoide_11.7.1_9221/ide/plugins/com.nxp.mcuxpresso.tools.win32_11.7.1.202301190959/tools/bin/../lib/gcc/arm-none-eabi/10.3.1/../../../../arm-none-eabi/lib/thumb/v7e-m+fp/hard\libcr_c.a(_fflush.o)
                0x000044ae                _fflush
 .text.free     0x00004500       0x30 c:/nxp/mcuxpressoide_11.7.1_9221/ide/plugins/com.nxp.mcuxpresso.tools.win32_11.7.1.202301190959/tools/bin/../lib/gcc/arm-none-eabi/10.3.1/../../../../arm-none-eabi/lib/thumb/v7e-m+fp/hard\libcr_c.a(alloc.o)
                0x00004500                free
 .text.fputs    0x00004530       0x2c c:/nxp/mcuxpressoide_11.7.1_9221/ide/plugins/com.nxp.mcuxpresso.tools.win32_11.7.1.202301190959/tools/bin/../lib/gcc/arm-none-eabi/10.3.1/../../../../arm-none-eabi/lib/thumb/v7e-m+fp/hard\libcr_c.a(fputs.o)
                0x00004530                fputs
 .text.no_fp_display
                0x0000455c        0x4 c:/nxp/mcuxpressoide_11.7.1_9221/ide/plugins/com.nxp.mcuxpresso.tools.win32_11.7.1.202301190959/tools/bin/../lib/gcc/arm-none-eabi/10.3.1/../../../../arm-none-eabi/lib/thumb/v7e-m+fp/hard\libcr_c.a(printf.o)
 .text.setvbuf  0x00004560       0x3e c:/nxp/mcuxpressoide_11.7.1_9221/ide/plugins/com.nxp.mcuxpresso.tools.win32_11.7.1.202301190959/tools/bin/../lib/gcc/arm-none-eabi/10.3.1/../../../../arm-none-eabi/lib/thumb/v7e-m+fp/hard\libcr_c.a(setvbuf.o)
                0x00004560                setvbuf
 .text.strlen   0x0000459e       0x48 c:/nxp/mcuxpressoide_11.7.1_9221/ide/plugins/com.nxp.mcuxpresso.tools.win32_11.7.1.202301190959/tools/bin/../lib/gcc/arm-none-eabi/10.3.1/../../../../arm-none-eabi/lib/thumb/v7e-m+fp/hard\libcr_c.a(strlen.o)
                0x0000459e                strlen
 .text._fdopen  0x000045e6       0x68 c:/nxp/mcuxpressoide_11.7.1_9221/ide/plugins/com.nxp.mcuxpresso.tools.win32_11.7.1.202301190959/tools/bin/../lib/gcc/arm-none-eabi/10.3.1/../../../../arm-none-eabi/lib/thumb/v7e-m+fp/hard\libcr_c.a(_fdopen.o)
                0x000045e6                _fdopen
 .text.fclose   0x0000464e       0x58 c:/nxp/mcuxpressoide_11.7.1_9221/ide/plugins/com.nxp.mcuxpresso.tools.win32_11.7.1.202301190959/tools/bin/../lib/gcc/arm-none-eabi/10.3.1/../../../../arm-none-eabi/lib/thumb/v7e-m+fp/hard\libcr_c.a(fclose.o)
                0x0000464e                fclose
 .text.remove   0x000046a6       0x14 c:/nxp/mcuxpressoide_11.7.1_9221/ide/plugins/com.nxp.mcuxpresso.tools.win32_11.7.1.202301190959/tools/bin/../lib/gcc/arm-none-eabi/10.3.1/../../../../arm-none-eabi/lib/thumb/v7e-m+fp/hard\libcr_c.a(remove.o)
                0x000046a6                remove
 .text._do_fflush
                0x000046ba       0x40 c:/nxp/mcuxpressoide_11.7.1_9221/ide/plugins/com.nxp.mcuxpresso.tools.win32_11.7.1.202301190959/tools/bin/../lib/gcc/arm-none-eabi/10.3.1/../../../../arm-none-eabi/lib/thumb/v7e-m+fp/hard\libcr_c.a(_do_fflush.o)
                0x000046ba                _do_fflush
 .text.__aeabi_division_uldivmod
                0x000046fa      0x174 c:/nxp/mcuxpressoide_11.7.1_9221/ide/plugins/com.nxp.mcuxpresso.tools.win32_11.7.1.202301190959/tools/bin/../lib/gcc/arm-none-eabi/10.3.1/thumb/v7e-m+fp/hard\libcr_eabihelpers.a(division_64.o)
                0x000046fa                __aeabi_uldivmod
                0x000046fe                __bhs_ldivmod1
 .text.__aeabi_division_idiv0
                0x0000486e        0x2 c:/nxp/mcuxpressoide_11.7.1_9221/ide/plugins/com.nxp.mcuxpresso.tools.win32_11.7.1.202301190959/tools/bin/../lib/gcc/arm-none-eabi/10.3.1/thumb/v7e-m+fp/hard\libcr_eabihelpers.a(division_idiv0.o)
                0x0000486e                __aeabi_idiv0
 .text.__bhs_ui2d
                0x00004870       0x46 c:/nxp/mcuxpressoide_11.7.1_9221/ide/plugins/com.nxp.mcuxpresso.tools.win32_11.7.1.202301190959/tools/bin/../lib/gcc/arm-none-eabi/10.3.1/thumb/v7e-m+fp/hard\libcr_eabihelpers.a(double.o)
                0x00004870                __bhs_ui2d
 .text.__aeabi_i2d
                0x000048b6       0x12 c:/nxp/mcuxpressoide_11.7.1_9221/ide/plugins/com.nxp.mcuxpresso.tools.win32_11.7.1.202301190959/tools/bin/../lib/gcc/arm-none-eabi/10.3.1/thumb/v7e-m+fp/hard\libcr_eabihelpers.a(double.o)
                0x000048b6                __aeabi_i2d
 .text.__aeabi_ui2d
                0x000048c8        0x8 c:/nxp/mcuxpressoide_11.7.1_9221/ide/plugins/com.nxp.mcuxpresso.tools.win32_11.7.1.202301190959/tools/bin/../lib/gcc/arm-none-eabi/10.3.1/thumb/v7e-m+fp/hard\libcr_eabihelpers.a(double.o)
                0x000048c8                __aeabi_ui2d
 .text.__aeabi_dcmpeq
                0x000048d0       0x30 c:/nxp/mcuxpressoide_11.7.1_9221/ide/plugins/com.nxp.mcuxpresso.tools.win32_11.7.1.202301190959/tools/bin/../lib/gcc/arm-none-eabi/10.3.1/thumb/v7e-m+fp/hard\libcr_eabihelpers.a(double.o)
                0x000048d0                __aeabi_dcmpeq
 .text.__aeabi_dcmpgt
                0x00004900       0x56 c:/nxp/mcuxpressoide_11.7.1_9221/ide/plugins/com.nxp.mcuxpresso.tools.win32_11.7.1.202301190959/tools/bin/../lib/gcc/arm-none-eabi/10.3.1/thumb/v7e-m+fp/hard\libcr_eabihelpers.a(double.o)
                0x00004900                __aeabi_dcmpgt
 .text.__aeabi_dcmple
                0x00004956       0x56 c:/nxp/mcuxpressoide_11.7.1_9221/ide/plugins/com.nxp.mcuxpresso.tools.win32_11.7.1.202301190959/tools/bin/../lib/gcc/arm-none-eabi/10.3.1/thumb/v7e-m+fp/hard\libcr_eabihelpers.a(double.o)
                0x00004956                __aeabi_dcmple
 .text.__aeabi_memset_lowlevel
                0x000049ac       0x32 c:/nxp/mcuxpressoide_11.7.1_9221/ide/plugins/com.nxp.mcuxpresso.tools.win32_11.7.1.202301190959/tools/bin/../lib/gcc/arm-none-eabi/10.3.1/thumb/v7e-m+fp/hard\libcr_eabihelpers.a(memcpy.o)
                0x000049ac                __aeabi_lowlevel_memset
 .text.__sys_close
                0x000049de        0x6 c:/nxp/mcuxpressoide_11.7.1_9221/ide/plugins/com.nxp.mcuxpresso.tools.win32_11.7.1.202301190959/tools/bin/../lib/gcc/arm-none-eabi/10.3.1/../../../../arm-none-eabi/lib/thumb/v7e-m+fp/hard\libcr_nohost_nf.a(__sys_close.o)
                0x000049de                __sys_close
 .text.__sys_flen
                0x000049e4        0x6 c:/nxp/mcuxpressoide_11.7.1_9221/ide/plugins/com.nxp.mcuxpresso.tools.win32_11.7.1.202301190959/tools/bin/../lib/gcc/arm-none-eabi/10.3.1/../../../../arm-none-eabi/lib/thumb/v7e-m+fp/hard\libcr_nohost_nf.a(__sys_flen.o)
                0x000049e4                __sys_flen
 .text.__sys_istty
                0x000049ea        0x6 c:/nxp/mcuxpressoide_11.7.1_9221/ide/plugins/com.nxp.mcuxpresso.tools.win32_11.7.1.202301190959/tools/bin/../lib/gcc/arm-none-eabi/10.3.1/../../../../arm-none-eabi/lib/thumb/v7e-m+fp/hard\libcr_nohost_nf.a(__sys_istty.o)
                0x000049ea                __sys_istty
 .text.__sys_remove
                0x000049f0        0x6 c:/nxp/mcuxpressoide_11.7.1_9221/ide/plugins/com.nxp.mcuxpresso.tools.win32_11.7.1.202301190959/tools/bin/../lib/gcc/arm-none-eabi/10.3.1/../../../../arm-none-eabi/lib/thumb/v7e-m+fp/hard\libcr_nohost_nf.a(__sys_remove.o)
                0x000049f0                __sys_remove
 .text.__sys_seek
                0x000049f6        0x6 c:/nxp/mcuxpressoide_11.7.1_9221/ide/plugins/com.nxp.mcuxpresso.tools.win32_11.7.1.202301190959/tools/bin/../lib/gcc/arm-none-eabi/10.3.1/../../../../arm-none-eabi/lib/thumb/v7e-m+fp/hard\libcr_nohost_nf.a(__sys_seek.o)
                0x000049f6                __sys_seek
 .text.__sys_tmpnam
                0x000049fc        0x6 c:/nxp/mcuxpressoide_11.7.1_9221/ide/plugins/com.nxp.mcuxpresso.tools.win32_11.7.1.202301190959/tools/bin/../lib/gcc/arm-none-eabi/10.3.1/../../../../arm-none-eabi/lib/thumb/v7e-m+fp/hard\libcr_nohost_nf.a(__sys_tmpnam.o)
                0x000049fc                __sys_tmpnam
 .text.__sys_write
                0x00004a02        0x4 c:/nxp/mcuxpressoide_11.7.1_9221/ide/plugins/com.nxp.mcuxpresso.tools.win32_11.7.1.202301190959/tools/bin/../lib/gcc/arm-none-eabi/10.3.1/../../../../arm-none-eabi/lib/thumb/v7e-m+fp/hard\libcr_nohost_nf.a(__sys_write.o)
                0x00004a02                __sys_write
 *(SORT_BY_ALIGNMENT(.rodata) SORT_BY_ALIGNMENT(.rodata.*) SORT_BY_ALIGNMENT(.constdata) SORT_BY_ALIGNMENT(.constdata.*))
 *fill*         0x00004a06        0x2 ff
 .rodata.ADC16_GetChannelConversionValue.str1.4
                0x00004a08       0x7d ./source/MK64F12_Project_Adega.o
 *fill*         0x00004a85        0x3 ff
 .rodata.PIT0_IRQHandler.str1.4
                0x00004a88        0xb ./source/MK64F12_Project_Adega.o
 *fill*         0x00004a93        0x1 ff
 .rodata.s_adc16Bases
                0x00004a94        0x8 ./drivers/fsl_adc16.o
 .rodata.s_adc16Clocks
                0x00004a9c        0x8 ./drivers/fsl_adc16.o
 .rodata.ADC16_GetInstance.str1.4
                0x00004aa4       0x35 ./drivers/fsl_adc16.o
 *fill*         0x00004ad9        0x3 ff
 .rodata.ADC16_Init.str1.4
                0x00004adc       0x20 ./drivers/fsl_adc16.o
 .rodata.ADC16_SetChannelConfig.str1.4
                0x00004afc       0x51 ./drivers/fsl_adc16.o
 *fill*         0x00004b4d        0x3 ff
 .rodata.CLOCK_GetMcgExtClkFreq.str1.4
                0x00004b50       0x49 ./drivers/fsl_clock.o
 *fill*         0x00004b99        0x3 ff
 .rodata.CLOCK_GetOsc0ErClkFreq.str1.4
                0x00004b9c       0x1e ./drivers/fsl_clock.o
 *fill*         0x00004bba        0x2 ff
 .rodata.CLOCK_GetEr32kClkFreq.str1.4
                0x00004bbc       0x1f ./drivers/fsl_clock.o
 *fill*         0x00004bdb        0x1 ff
 .rodata.CLOCK_GetPll0Freq.str1.4
                0x00004bdc       0x1d ./drivers/fsl_clock.o
 *fill*         0x00004bf9        0x3 ff
 .rodata.CLOCK_EnablePll0.str1.4
                0x00004bfc       0x1a ./drivers/fsl_clock.o
 *fill*         0x00004c16        0x2 ff
 .rodata.CLOCK_SetPbeMode.str1.4
                0x00004c18       0x1a ./drivers/fsl_clock.o
 *fill*         0x00004c32        0x2 ff
 .rodata.CLOCK_BootToPeeMode.str1.4
                0x00004c34       0x1a ./drivers/fsl_clock.o
 *fill*         0x00004c4e        0x2 ff
 .rodata.fllFactorTable.1
                0x00004c50       0x10 ./drivers/fsl_clock.o
 .rodata.GPIO_PinInit.str1.4
                0x00004c60       0x20 ./drivers/fsl_gpio.o
 .rodata.PIT_GetInstance.str1.4
                0x00004c80       0x31 ./drivers/fsl_pit.o
 *fill*         0x00004cb1        0x3 ff
 .rodata.PIT_Init.str1.4
                0x00004cb4       0x1e ./drivers/fsl_pit.o
 *fill*         0x00004cd2        0x2 ff
 .rodata.s_uartBases
                0x00004cd4       0x18 ./drivers/fsl_uart.o
 .rodata.s_uartClock
                0x00004cec       0x18 ./drivers/fsl_uart.o
 .rodata.UART_GetInstance.str1.4
                0x00004d04       0x2b ./drivers/fsl_uart.o
 *fill*         0x00004d2f        0x1 ff
 .rodata.UART_Init.str1.4
                0x00004d30       0xfb ./drivers/fsl_uart.o
 *fill*         0x00004e2b        0x1 ff
 .rodata.UART_GetDefaultConfig.str1.4
                0x00004e2c       0x20 ./drivers/fsl_uart.o
 .rodata.s_UartAdapterBase
                0x00004e4c       0x18 ./component/uart/fsl_adapter_uart.o
 .rodata.HAL_UartInit.str1.4
                0x00004e64       0xdd ./component/uart/fsl_adapter_uart.o
 *fill*         0x00004f41        0x3 ff
 .rodata.mcgConfig_BOARD_BootClockRUN
                0x00004f44        0xb ./board/clock_config.o
                0x00004f44                mcgConfig_BOARD_BootClockRUN
 *fill*         0x00004f4f        0x1 ff
 .rodata.simConfig_BOARD_BootClockRUN
                0x00004f50        0x8 ./board/clock_config.o
                0x00004f50                simConfig_BOARD_BootClockRUN
 .rodata.oscConfig_BOARD_BootClockRUN
                0x00004f58        0x8 ./board/clock_config.o
                0x00004f58                oscConfig_BOARD_BootClockRUN
 .rodata.PIT_SetTimerPeriod.str1.4
                0x00004f60       0x43 ./board/peripherals.o
 *fill*         0x00004fa3        0x1 ff
 .rodata.PIT_1_config
                0x00004fa4        0x1 ./board/peripherals.o
                0x00004fa4                PIT_1_config
 *fill*         0x00004fa5        0x3 ff
 .rodata.ADC16_1_config
                0x00004fa8        0xa ./board/peripherals.o
                0x00004fa8                ADC16_1_config
 *fill*         0x00004fb2        0x2 ff
 .rodata.UART0_config
                0x00004fb4       0x10 ./board/peripherals.o
                0x00004fb4                UART0_config
 .rodata.PORT_SetPinConfig.str1.4
                0x00004fc4       0x3f ./board/pin_mux.o
 *fill*         0x00005003        0x1 ff
 .rodata.__num_Ciob_streams
                0x00005004        0x4 c:/nxp/mcuxpressoide_11.7.1_9221/ide/plugins/com.nxp.mcuxpresso.tools.win32_11.7.1.202301190959/tools/bin/../lib/gcc/arm-none-eabi/10.3.1/../../../../arm-none-eabi/lib/thumb/v7e-m+fp/hard\libcr_nohost_nf.a(__ciob.o)
                0x00005004                __num_Ciob_streams
 .rodata.__assertion_failed.str1.1
                0x00005008       0x15 c:/nxp/mcuxpressoide_11.7.1_9221/ide/plugins/com.nxp.mcuxpresso.tools.win32_11.7.1.202301190959/tools/bin/../lib/gcc/arm-none-eabi/10.3.1/../../../../arm-none-eabi/lib/thumb/v7e-m+fp/hard\libcr_nohost_nf.a(_cr_assert.o)
 .rodata._Csys_alloc.str1.1
                0x0000501d       0x18 c:/nxp/mcuxpressoide_11.7.1_9221/ide/plugins/com.nxp.mcuxpresso.tools.win32_11.7.1.202301190959/tools/bin/../lib/gcc/arm-none-eabi/10.3.1/../../../../arm-none-eabi/lib/thumb/v7e-m+fp/hard\libcr_c.a(alloc.o)
 .rodata._initio.str1.1
                0x00005035        0x4 c:/nxp/mcuxpressoide_11.7.1_9221/ide/plugins/com.nxp.mcuxpresso.tools.win32_11.7.1.202301190959/tools/bin/../lib/gcc/arm-none-eabi/10.3.1/../../../../arm-none-eabi/lib/thumb/v7e-m+fp/hard\libcr_c.a(initio.o)
 .rodata.__vfprintf.str1.1
                0x00005039       0x35 c:/nxp/mcuxpressoide_11.7.1_9221/ide/plugins/com.nxp.mcuxpresso.tools.win32_11.7.1.202301190959/tools/bin/../lib/gcc/arm-none-eabi/10.3.1/../../../../arm-none-eabi/lib/thumb/v7e-m+fp/hard\libcr_c.a(printf.o)
                                 0x38 (size before relaxing)
                0x00005070                . = ALIGN (0x8)
 *fill*         0x0000506e        0x2 ff

.glue_7         0x00005070        0x0
 .glue_7        0x00005070        0x0 linker stubs

.glue_7t        0x00005070        0x0
 .glue_7t       0x00005070        0x0 linker stubs

.vfp11_veneer   0x00005070        0x0
 .vfp11_veneer  0x00005070        0x0 linker stubs

.v4_bx          0x00005070        0x0
 .v4_bx         0x00005070        0x0 linker stubs

.iplt           0x00005070        0x0
 .iplt          0x00005070        0x0 ./utilities/fsl_debug_console.o

.rel.dyn        0x00005070        0x0
 .rel.iplt      0x00005070        0x0 ./utilities/fsl_debug_console.o

.ARM.extab
 *(SORT_BY_ALIGNMENT(.ARM.extab*) SORT_BY_ALIGNMENT(.gnu.linkonce.armextab.*))

.ARM.exidx      0x00005070        0x0
                0x00005070                __exidx_start = .
 *(SORT_BY_ALIGNMENT(.ARM.exidx*) SORT_BY_ALIGNMENT(.gnu.linkonce.armexidx.*))
                0x00005070                __exidx_end = .
                0x00005070                _etext = .

.m_usb_data
 *(SORT_BY_ALIGNMENT(m_usb_bdt))

.data_RAM2      0x1fff0000        0x0 load address 0x00005070
 FILL mask 0xff
                [!provide]                PROVIDE (__start_data_RAM2 = .)
                [!provide]                PROVIDE (__start_data_SRAM_LOWER = .)
 *(SORT_BY_ALIGNMENT(.ramfunc.$RAM2))
 *(SORT_BY_ALIGNMENT(.ramfunc.$SRAM_LOWER))
 *(SORT_BY_ALIGNMENT(.data.$RAM2))
 *(SORT_BY_ALIGNMENT(.data.$SRAM_LOWER))
 *(SORT_BY_ALIGNMENT(.data.$RAM2.*))
 *(SORT_BY_ALIGNMENT(.data.$SRAM_LOWER.*))
                0x1fff0000                . = ALIGN (0x8)
                [!provide]                PROVIDE (__end_data_RAM2 = .)
                [!provide]                PROVIDE (__end_data_SRAM_LOWER = .)

.data_RAM3      0x14000000        0x0 load address 0x00005070
 FILL mask 0xff
                [!provide]                PROVIDE (__start_data_RAM3 = .)
                [!provide]                PROVIDE (__start_data_FLEX_RAM = .)
 *(SORT_BY_ALIGNMENT(.ramfunc.$RAM3))
 *(SORT_BY_ALIGNMENT(.ramfunc.$FLEX_RAM))
 *(SORT_BY_ALIGNMENT(.data.$RAM3))
 *(SORT_BY_ALIGNMENT(.data.$FLEX_RAM))
 *(SORT_BY_ALIGNMENT(.data.$RAM3.*))
 *(SORT_BY_ALIGNMENT(.data.$FLEX_RAM.*))
                0x14000000                . = ALIGN (0x8)
                [!provide]                PROVIDE (__end_data_RAM3 = .)
                [!provide]                PROVIDE (__end_data_FLEX_RAM = .)

.uninit_RESERVED
                0x20000000        0x0
                0x20000000                _start_uninit_RESERVED = .
 *(SORT_BY_ALIGNMENT(.bss.$RESERVED*))
                0x20000000                . = ALIGN (0x8)
                0x20000000                _end_uninit_RESERVED = .

.data           0x20000000       0x20 load address 0x00005070
 FILL mask 0xff
                0x20000000                _data = .
                [!provide]                PROVIDE (__start_data_RAM = .)
                [!provide]                PROVIDE (__start_data_SRAM_UPPER = .)
 *(SORT_BY_ALIGNMENT(vtable))
 *(SORT_BY_ALIGNMENT(.ramfunc*))
 *(SORT_BY_ALIGNMENT(CodeQuickAccess))
 *(SORT_BY_ALIGNMENT(DataQuickAccess))
 *(SORT_BY_ALIGNMENT(RamFunction))
 *(SORT_BY_ALIGNMENT(.data*))
 .data.res      0x20000000        0x4 ./source/MK64F12_Project_Adega.o
                0x20000000                res
 .data.tref     0x20000004        0x4 ./source/MK64F12_Project_Adega.o
                0x20000004                tref
 .data.betha    0x20000008        0x4 ./source/MK64F12_Project_Adega.o
                0x20000008                betha
 .data.s_slowIrcFreq
                0x2000000c        0x4 ./drivers/fsl_clock.o
 .data.s_fastIrcFreq
                0x20000010        0x4 ./drivers/fsl_clock.o
 .data.SystemCoreClock
                0x20000014        0x4 ./device/system_MK64F12.o
                0x20000014                SystemCoreClock
 .data.ADC16_1_channelsConfig
                0x20000018        0x8 ./board/peripherals.o
                0x20000018                ADC16_1_channelsConfig
                0x20000020                . = ALIGN (0x8)
                0x20000020                _edata = .
                [!provide]                PROVIDE (__end_data_RAM = .)
                [!provide]                PROVIDE (__end_data_SRAM_UPPER = .)

.igot.plt       0x20000020        0x0 load address 0x00005090
 .igot.plt      0x20000020        0x0 ./utilities/fsl_debug_console.o

.bss_RAM2       0x1fff0000        0x0
                [!provide]                PROVIDE (__start_bss_RAM2 = .)
                [!provide]                PROVIDE (__start_bss_SRAM_LOWER = .)
 *(SORT_BY_ALIGNMENT(.bss.$RAM2))
 *(SORT_BY_ALIGNMENT(.bss.$SRAM_LOWER))
 *(SORT_BY_ALIGNMENT(.bss.$RAM2.*))
 *(SORT_BY_ALIGNMENT(.bss.$SRAM_LOWER.*))
                0x1fff0000                . = ALIGN ((. != 0x0)?0x8:0x1)
                [!provide]                PROVIDE (__end_bss_RAM2 = .)
                [!provide]                PROVIDE (__end_bss_SRAM_LOWER = .)

.bss_RAM3       0x14000000        0x0
                [!provide]                PROVIDE (__start_bss_RAM3 = .)
                [!provide]                PROVIDE (__start_bss_FLEX_RAM = .)
 *(SORT_BY_ALIGNMENT(.bss.$RAM3))
 *(SORT_BY_ALIGNMENT(.bss.$FLEX_RAM))
 *(SORT_BY_ALIGNMENT(.bss.$RAM3.*))
 *(SORT_BY_ALIGNMENT(.bss.$FLEX_RAM.*))
                0x14000000                . = ALIGN ((. != 0x0)?0x8:0x1)
                [!provide]                PROVIDE (__end_bss_RAM3 = .)
                [!provide]                PROVIDE (__end_bss_FLEX_RAM = .)

.bss            0x20000020      0x148
                0x20000020                _bss = .
                [!provide]                PROVIDE (__start_bss_RAM = .)
                [!provide]                PROVIDE (__start_bss_SRAM_UPPER = .)
 *(SORT_BY_ALIGNMENT(.bss*))
 .bss.s_debugConsoleState
                0x20000020       0x20 ./utilities/fsl_debug_console.o
 .bss.g_serialHandle
                0x20000040        0x4 ./utilities/fsl_debug_console.o
                0x20000040                g_serialHandle
 .bss.adc_value
                0x20000044        0x4 ./source/MK64F12_Project_Adega.o
                0x20000044                adc_value
 .bss.ContadorPWM
                0x20000048        0x4 ./source/MK64F12_Project_Adega.o
                0x20000048                ContadorPWM
 .bss.ContadorADC
                0x2000004c        0x4 ./source/MK64F12_Project_Adega.o
                0x2000004c                ContadorADC
 .bss.vout      0x20000050        0x4 ./source/MK64F12_Project_Adega.o
                0x20000050                vout
 .bss.rntc      0x20000054        0x4 ./source/MK64F12_Project_Adega.o
                0x20000054                rntc
 .bss.ntc_temp  0x20000058        0x4 ./source/MK64F12_Project_Adega.o
                0x20000058                ntc_temp
 .bss.VetorASerEnviado
                0x2000005c        0xf ./source/MK64F12_Project_Adega.o
                0x2000005c                VetorASerEnviado
 *fill*         0x2000006b        0x1 
 .bss.g_xtal0Freq
                0x2000006c        0x4 ./drivers/fsl_clock.o
                0x2000006c                g_xtal0Freq
 .bss.g_xtal32Freq
                0x20000070        0x4 ./drivers/fsl_clock.o
                0x20000070                g_xtal32Freq
 .bss.s_i2cHandle
                0x20000074        0xc ./drivers/fsl_i2c.o
 .bss.s_i2cMasterIsr
                0x20000080        0x4 ./drivers/fsl_i2c.o
 .bss.s_i2cSlaveIsr
                0x20000084        0x4 ./drivers/fsl_i2c.o
 .bss.s_uartHandle
                0x20000088       0x18 ./drivers/fsl_uart.o
                0x20000088                s_uartHandle
 .bss.s_uartIsr
                0x200000a0        0x4 ./drivers/fsl_uart.o
                0x200000a0                s_uartIsr
 .bss.__Ciob    0x200000a4       0xb4 c:/nxp/mcuxpressoide_11.7.1_9221/ide/plugins/com.nxp.mcuxpresso.tools.win32_11.7.1.202301190959/tools/bin/../lib/gcc/arm-none-eabi/10.3.1/../../../../arm-none-eabi/lib/thumb/v7e-m+fp/hard\libcr_nohost_nf.a(__ciob.o)
                0x200000a4                __Ciob
 .bss.errno     0x20000158        0x4 c:/nxp/mcuxpressoide_11.7.1_9221/ide/plugins/com.nxp.mcuxpresso.tools.win32_11.7.1.202301190959/tools/bin/../lib/gcc/arm-none-eabi/10.3.1/../../../../arm-none-eabi/lib/thumb/v7e-m+fp/hard\libcr_c.a(errno.o)
                0x20000158                errno
 .bss.__end_of_heap
                0x2000015c        0x4 c:/nxp/mcuxpressoide_11.7.1_9221/ide/plugins/com.nxp.mcuxpresso.tools.win32_11.7.1.202301190959/tools/bin/../lib/gcc/arm-none-eabi/10.3.1/../../../../arm-none-eabi/lib/thumb/v7e-m+fp/hard\libcr_c.a(__init_alloc.o)
                0x2000015c                __end_of_heap
 .bss.__heaps   0x20000160        0x4 c:/nxp/mcuxpressoide_11.7.1_9221/ide/plugins/com.nxp.mcuxpresso.tools.win32_11.7.1.202301190959/tools/bin/../lib/gcc/arm-none-eabi/10.3.1/../../../../arm-none-eabi/lib/thumb/v7e-m+fp/hard\libcr_c.a(__init_alloc.o)
                0x20000160                __heaps
 .bss.s_debugConsoleReadWaitSemaphore
                0x20000164        0x1 ./utilities/fsl_debug_console.o
 .bss.temporizador
                0x20000165        0x1 ./source/MK64F12_Project_Adega.o
                0x20000165                temporizador
 *(SORT_BY_ALIGNMENT(COMMON))
                0x20000168                . = ALIGN (0x8)
 *fill*         0x20000166        0x2 
                0x20000168                _ebss = .
                [!provide]                PROVIDE (__end_bss_RAM = .)
                [!provide]                PROVIDE (__end_bss_SRAM_UPPER = .)
                [!provide]                PROVIDE (end = .)

.noinit_RAM2    0x1fff0000        0x0
                [!provide]                PROVIDE (__start_noinit_RAM2 = .)
                [!provide]                PROVIDE (__start_noinit_SRAM_LOWER = .)
 *(SORT_BY_ALIGNMENT(.noinit.$RAM2))
 *(SORT_BY_ALIGNMENT(.noinit.$SRAM_LOWER))
 *(SORT_BY_ALIGNMENT(.noinit.$RAM2.*))
 *(SORT_BY_ALIGNMENT(.noinit.$SRAM_LOWER.*))
                0x1fff0000                . = ALIGN (0x8)
                [!provide]                PROVIDE (__end_noinit_RAM2 = .)
                [!provide]                PROVIDE (__end_noinit_SRAM_LOWER = .)

.noinit_RAM3    0x14000000        0x0
                [!provide]                PROVIDE (__start_noinit_RAM3 = .)
                [!provide]                PROVIDE (__start_noinit_FLEX_RAM = .)
 *(SORT_BY_ALIGNMENT(.noinit.$RAM3))
 *(SORT_BY_ALIGNMENT(.noinit.$FLEX_RAM))
 *(SORT_BY_ALIGNMENT(.noinit.$RAM3.*))
 *(SORT_BY_ALIGNMENT(.noinit.$FLEX_RAM.*))
                0x14000000                . = ALIGN (0x8)
                [!provide]                PROVIDE (__end_noinit_RAM3 = .)
                [!provide]                PROVIDE (__end_noinit_FLEX_RAM = .)

.noinit         0x20000168        0x0
                0x20000168                _noinit = .
                [!provide]                PROVIDE (__start_noinit_RAM = .)
                [!provide]                PROVIDE (__start_noinit_SRAM_UPPER = .)
 *(SORT_BY_ALIGNMENT(.noinit*))
                0x20000168                . = ALIGN (0x8)
                0x20000168                _end_noinit = .
                [!provide]                PROVIDE (__end_noinit_RAM = .)
                [!provide]                PROVIDE (__end_noinit_SRAM_UPPER = .)
                0x00001000                _HeapSize = 0x1000

.heap           0x20000168     0x1000
                0x20000168                _pvHeapStart = .
                0x20001168                . = (. + _HeapSize)
 *fill*         0x20000168     0x1000 
                0x20001168                . = ALIGN (0x8)
                0x20001168                _pvHeapLimit = .
                0x00001000                _StackSize = 0x1000

.heap2stackfill
                0x20001168     0x1000
                0x20002168                . = (. + _StackSize)
 *fill*         0x20001168     0x1000 

.stack          0x2002f000        0x0
                0x2002f000                _vStackBase = .
                0x2002f000                . = ALIGN (0x8)
                0x20030000                _vStackTop = (. + _StackSize)
                0x00000000                _image_start = LOADADDR (.text)
                0x00005090                _image_end = (LOADADDR (.data) + SIZEOF (.data))
                0x00005090                _image_size = (_image_end - _image_start)
OUTPUT(MK64F12_Project_Adega.axf elf32-littlearm)
LOAD linker stubs

.debug_info     0x00000000     0xe86c
 .debug_info    0x00000000      0xc24 ./utilities/fsl_debug_console.o
 .debug_info    0x00000c24      0x93a ./startup/startup_mk64f12.o
 .debug_info    0x0000155e      0xb5c ./source/MK64F12_Project_Adega.o
 .debug_info    0x000020ba       0x3c ./source/semihost_hardfault.o
 .debug_info    0x000020f6      0xe6e ./drivers/fsl_adc16.o
 .debug_info    0x00002f64     0x21c3 ./drivers/fsl_clock.o
 .debug_info    0x00005127      0x69c ./drivers/fsl_gpio.o
 .debug_info    0x000057c3     0x1e92 ./drivers/fsl_i2c.o
 .debug_info    0x00007655      0x76b ./drivers/fsl_pit.o
 .debug_info    0x00007dc0     0x1f90 ./drivers/fsl_uart.o
 .debug_info    0x00009d50      0x649 ./device/system_MK64F12.o
 .debug_info    0x0000a399      0xa7e ./component/uart/fsl_adapter_uart.o
 .debug_info    0x0000ae17      0x8f9 ./component/serial_manager/fsl_component_serial_manager.o
 .debug_info    0x0000b710      0x46b ./component/serial_manager/fsl_component_serial_port_uart.o
 .debug_info    0x0000bb7b       0xe8 ./board/board.o
 .debug_info    0x0000bc63      0xcca ./board/clock_config.o
 .debug_info    0x0000c92d     0x12f2 ./board/peripherals.o
 .debug_info    0x0000dc1f      0xc4d ./board/pin_mux.o

.debug_abbrev   0x00000000     0x2584
 .debug_abbrev  0x00000000      0x232 ./utilities/fsl_debug_console.o
 .debug_abbrev  0x00000232      0x185 ./startup/startup_mk64f12.o
 .debug_abbrev  0x000003b7      0x218 ./source/MK64F12_Project_Adega.o
 .debug_abbrev  0x000005cf       0x31 ./source/semihost_hardfault.o
 .debug_abbrev  0x00000600      0x267 ./drivers/fsl_adc16.o
 .debug_abbrev  0x00000867      0x359 ./drivers/fsl_clock.o
 .debug_abbrev  0x00000bc0      0x186 ./drivers/fsl_gpio.o
 .debug_abbrev  0x00000d46      0x363 ./drivers/fsl_i2c.o
 .debug_abbrev  0x000010a9      0x1eb ./drivers/fsl_pit.o
 .debug_abbrev  0x00001294      0x42e ./drivers/fsl_uart.o
 .debug_abbrev  0x000016c2      0x148 ./device/system_MK64F12.o
 .debug_abbrev  0x0000180a      0x1c9 ./component/uart/fsl_adapter_uart.o
 .debug_abbrev  0x000019d3      0x23d ./component/serial_manager/fsl_component_serial_manager.o
 .debug_abbrev  0x00001c10      0x167 ./component/serial_manager/fsl_component_serial_port_uart.o
 .debug_abbrev  0x00001d77       0x85 ./board/board.o
 .debug_abbrev  0x00001dfc      0x246 ./board/clock_config.o
 .debug_abbrev  0x00002042      0x2b0 ./board/peripherals.o
 .debug_abbrev  0x000022f2      0x292 ./board/pin_mux.o

.debug_aranges  0x00000000      0xd80
 .debug_aranges
                0x00000000       0xa8 ./utilities/fsl_debug_console.o
 .debug_aranges
                0x000000a8      0x330 ./startup/startup_mk64f12.o
 .debug_aranges
                0x000003d8       0x50 ./source/MK64F12_Project_Adega.o
 .debug_aranges
                0x00000428       0x20 ./source/semihost_hardfault.o
 .debug_aranges
                0x00000448       0x88 ./drivers/fsl_adc16.o
 .debug_aranges
                0x000004d0      0x1f8 ./drivers/fsl_clock.o
 .debug_aranges
                0x000006c8       0x40 ./drivers/fsl_gpio.o
 .debug_aranges
                0x00000708      0x180 ./drivers/fsl_i2c.o
 .debug_aranges
                0x00000888       0x40 ./drivers/fsl_pit.o
 .debug_aranges
                0x000008c8      0x1b8 ./drivers/fsl_uart.o
 .debug_aranges
                0x00000a80       0x30 ./device/system_MK64F12.o
 .debug_aranges
                0x00000ab0       0x50 ./component/uart/fsl_adapter_uart.o
 .debug_aranges
                0x00000b00       0x98 ./component/serial_manager/fsl_component_serial_manager.o
 .debug_aranges
                0x00000b98       0x48 ./component/serial_manager/fsl_component_serial_port_uart.o
 .debug_aranges
                0x00000be0       0x20 ./board/board.o
 .debug_aranges
                0x00000c00       0x80 ./board/clock_config.o
 .debug_aranges
                0x00000c80       0x78 ./board/peripherals.o
 .debug_aranges
                0x00000cf8       0x88 ./board/pin_mux.o

.debug_ranges   0x00000000      0xc60
 .debug_ranges  0x00000000       0x98 ./utilities/fsl_debug_console.o
 .debug_ranges  0x00000098      0x320 ./startup/startup_mk64f12.o
 .debug_ranges  0x000003b8       0x40 ./source/MK64F12_Project_Adega.o
 .debug_ranges  0x000003f8       0x10 ./source/semihost_hardfault.o
 .debug_ranges  0x00000408       0x78 ./drivers/fsl_adc16.o
 .debug_ranges  0x00000480      0x1e8 ./drivers/fsl_clock.o
 .debug_ranges  0x00000668       0x30 ./drivers/fsl_gpio.o
 .debug_ranges  0x00000698      0x170 ./drivers/fsl_i2c.o
 .debug_ranges  0x00000808       0x30 ./drivers/fsl_pit.o
 .debug_ranges  0x00000838      0x1a8 ./drivers/fsl_uart.o
 .debug_ranges  0x000009e0       0x20 ./device/system_MK64F12.o
 .debug_ranges  0x00000a00       0x40 ./component/uart/fsl_adapter_uart.o
 .debug_ranges  0x00000a40       0x88 ./component/serial_manager/fsl_component_serial_manager.o
 .debug_ranges  0x00000ac8       0x38 ./component/serial_manager/fsl_component_serial_port_uart.o
 .debug_ranges  0x00000b00       0x10 ./board/board.o
 .debug_ranges  0x00000b10       0x70 ./board/clock_config.o
 .debug_ranges  0x00000b80       0x68 ./board/peripherals.o
 .debug_ranges  0x00000be8       0x78 ./board/pin_mux.o

.debug_macro    0x00000000    0x1444d
 .debug_macro   0x00000000      0x1c8 ./utilities/fsl_debug_console.o
 .debug_macro   0x000001c8      0xaae ./utilities/fsl_debug_console.o
 .debug_macro   0x00000c76       0x10 ./utilities/fsl_debug_console.o
 .debug_macro   0x00000c86       0x16 ./utilities/fsl_debug_console.o
 .debug_macro   0x00000c9c       0x10 ./utilities/fsl_debug_console.o
 .debug_macro   0x00000cac      0x12e ./utilities/fsl_debug_console.o
 .debug_macro   0x00000dda       0x28 ./utilities/fsl_debug_console.o
 .debug_macro   0x00000e02       0x16 ./utilities/fsl_debug_console.o
 .debug_macro   0x00000e18       0x22 ./utilities/fsl_debug_console.o
 .debug_macro   0x00000e3a      0x5b3 ./utilities/fsl_debug_console.o
 .debug_macro   0x000013ed       0x10 ./utilities/fsl_debug_console.o
 .debug_macro   0x000013fd       0x58 ./utilities/fsl_debug_console.o
 .debug_macro   0x00001455       0x1c ./utilities/fsl_debug_console.o
 .debug_macro   0x00001471       0x22 ./utilities/fsl_debug_console.o
 .debug_macro   0x00001493       0xfb ./utilities/fsl_debug_console.o
 .debug_macro   0x0000158e      0xeeb ./utilities/fsl_debug_console.o
 .debug_macro   0x00002479       0x40 ./utilities/fsl_debug_console.o
 .debug_macro   0x000024b9     0xec5f ./utilities/fsl_debug_console.o
 .debug_macro   0x00011118     0x12e8 ./utilities/fsl_debug_console.o
 .debug_macro   0x00012400       0x7a ./utilities/fsl_debug_console.o
 .debug_macro   0x0001247a       0xa8 ./utilities/fsl_debug_console.o
 .debug_macro   0x00012522      0x174 ./utilities/fsl_debug_console.o
 .debug_macro   0x00012696       0x50 ./utilities/fsl_debug_console.o
 .debug_macro   0x000126e6       0x70 ./utilities/fsl_debug_console.o
 .debug_macro   0x00012756       0x46 ./utilities/fsl_debug_console.o
 .debug_macro   0x0001279c       0x16 ./utilities/fsl_debug_console.o
 .debug_macro   0x000127b2       0x66 ./utilities/fsl_debug_console.o
 .debug_macro   0x00012818       0x1c ./utilities/fsl_debug_console.o
 .debug_macro   0x00012834       0x1c ./utilities/fsl_debug_console.o
 .debug_macro   0x00012850       0x29 ./startup/startup_mk64f12.o
 .debug_macro   0x00012879      0x1db ./source/MK64F12_Project_Adega.o
 .debug_macro   0x00012a54       0xd8 ./source/MK64F12_Project_Adega.o
 .debug_macro   0x00012b2c       0x22 ./source/MK64F12_Project_Adega.o
 .debug_macro   0x00012b4e       0x16 ./source/MK64F12_Project_Adega.o
 .debug_macro   0x00012b64       0x16 ./source/MK64F12_Project_Adega.o
 .debug_macro   0x00012b7a       0x16 ./source/MK64F12_Project_Adega.o
 .debug_macro   0x00012b90      0x1ab ./source/MK64F12_Project_Adega.o
 .debug_macro   0x00012d3b       0x10 ./source/MK64F12_Project_Adega.o
 .debug_macro   0x00012d4b       0x10 ./source/MK64F12_Project_Adega.o
 .debug_macro   0x00012d5b       0x16 ./source/MK64F12_Project_Adega.o
 .debug_macro   0x00012d71       0x6a ./source/MK64F12_Project_Adega.o
 .debug_macro   0x00012ddb      0x300 ./source/MK64F12_Project_Adega.o
 .debug_macro   0x000130db       0x16 ./source/MK64F12_Project_Adega.o
 .debug_macro   0x000130f1       0xc4 ./source/MK64F12_Project_Adega.o
 .debug_macro   0x000131b5       0x11 ./source/semihost_hardfault.o
 .debug_macro   0x000131c6      0x122 ./drivers/fsl_adc16.o
 .debug_macro   0x000132e8       0x1c ./drivers/fsl_adc16.o
 .debug_macro   0x00013304      0x1d8 ./drivers/fsl_clock.o
 .debug_macro   0x000134dc      0x121 ./drivers/fsl_gpio.o
 .debug_macro   0x000135fd       0x10 ./drivers/fsl_gpio.o
 .debug_macro   0x0001360d      0x121 ./drivers/fsl_i2c.o
 .debug_macro   0x0001372e       0x1c ./drivers/fsl_i2c.o
 .debug_macro   0x0001374a      0x122 ./drivers/fsl_pit.o
 .debug_macro   0x0001386c      0x127 ./drivers/fsl_uart.o
 .debug_macro   0x00013993       0x10 ./drivers/fsl_uart.o
 .debug_macro   0x000139a3       0x98 ./device/system_MK64F12.o
 .debug_macro   0x00013a3b      0x11e ./component/uart/fsl_adapter_uart.o
 .debug_macro   0x00013b59       0x46 ./component/uart/fsl_adapter_uart.o
 .debug_macro   0x00013b9f      0x185 ./component/serial_manager/fsl_component_serial_manager.o
 .debug_macro   0x00013d24       0x6a ./component/serial_manager/fsl_component_serial_manager.o
 .debug_macro   0x00013d8e      0x14f ./component/serial_manager/fsl_component_serial_port_uart.o
 .debug_macro   0x00013edd      0x180 ./board/board.o
 .debug_macro   0x0001405d      0x17d ./board/clock_config.o
 .debug_macro   0x000141da      0x14c ./board/peripherals.o
 .debug_macro   0x00014326      0x127 ./board/pin_mux.o

.debug_line     0x00000000     0x89d2
 .debug_line    0x00000000      0x7f2 ./utilities/fsl_debug_console.o
 .debug_line    0x000007f2      0x911 ./startup/startup_mk64f12.o
 .debug_line    0x00001103      0x5fc ./source/MK64F12_Project_Adega.o
 .debug_line    0x000016ff       0x59 ./source/semihost_hardfault.o
 .debug_line    0x00001758      0x659 ./drivers/fsl_adc16.o
 .debug_line    0x00001db1     0x1490 ./drivers/fsl_clock.o
 .debug_line    0x00003241      0x3ba ./drivers/fsl_gpio.o
 .debug_line    0x000035fb     0x137d ./drivers/fsl_i2c.o
 .debug_line    0x00004978      0x3c7 ./drivers/fsl_pit.o
 .debug_line    0x00004d3f     0x146a ./drivers/fsl_uart.o
 .debug_line    0x000061a9      0x3c3 ./device/system_MK64F12.o
 .debug_line    0x0000656c      0x4b8 ./component/uart/fsl_adapter_uart.o
 .debug_line    0x00006a24      0x722 ./component/serial_manager/fsl_component_serial_manager.o
 .debug_line    0x00007146      0x4dd ./component/serial_manager/fsl_component_serial_port_uart.o
 .debug_line    0x00007623      0x439 ./board/board.o
 .debug_line    0x00007a5c      0x4c8 ./board/clock_config.o
 .debug_line    0x00007f24      0x4b8 ./board/peripherals.o
 .debug_line    0x000083dc      0x5f6 ./board/pin_mux.o

.debug_str      0x00000000    0x84a01
 .debug_str     0x00000000    0x7bcab ./utilities/fsl_debug_console.o
                              0x7bdc8 (size before relaxing)
 .debug_str     0x0007bcab      0x7c0 ./startup/startup_mk64f12.o
                               0x3609 (size before relaxing)
 .debug_str     0x0007c46b     0x2710 ./source/MK64F12_Project_Adega.o
                              0x7d8bf (size before relaxing)
 .debug_str     0x0007eb7b       0x1f ./source/semihost_hardfault.o
                               0x2dae (size before relaxing)
 .debug_str     0x0007eb9a      0xb82 ./drivers/fsl_adc16.o
                              0x7b31d (size before relaxing)
 .debug_str     0x0007f71c     0x1b62 ./drivers/fsl_clock.o
                              0x7c505 (size before relaxing)
 .debug_str     0x0008127e      0x181 ./drivers/fsl_gpio.o
                              0x7a7d6 (size before relaxing)
 .debug_str     0x000813ff     0x11b4 ./drivers/fsl_i2c.o
                              0x7bbf4 (size before relaxing)
 .debug_str     0x000825b3       0xa2 ./drivers/fsl_pit.o
                              0x7a994 (size before relaxing)
 .debug_str     0x00082655      0xd45 ./drivers/fsl_uart.o
                              0x7be3f (size before relaxing)
 .debug_str     0x0008339a      0x11f ./device/system_MK64F12.o
                              0x783ee (size before relaxing)
 .debug_str     0x000834b9      0x2ec ./component/uart/fsl_adapter_uart.o
                              0x7adc0 (size before relaxing)
 .debug_str     0x000837a5      0x40b ./component/serial_manager/fsl_component_serial_manager.o
                              0x7ae51 (size before relaxing)
 .debug_str     0x00083bb0      0x106 ./component/serial_manager/fsl_component_serial_port_uart.o
                              0x7aba8 (size before relaxing)
 .debug_str     0x00083cb6       0x37 ./board/board.o
                              0x7b589 (size before relaxing)
 .debug_str     0x00083ced      0x506 ./board/clock_config.o
                              0x7aff2 (size before relaxing)
 .debug_str     0x000841f3      0x16d ./board/peripherals.o
                              0x7bbfb (size before relaxing)
 .debug_str     0x00084360      0x6a1 ./board/pin_mux.o
                              0x7b5a2 (size before relaxing)

.comment        0x00000000       0x49
 .comment       0x00000000       0x49 ./utilities/fsl_debug_console.o
                                 0x4a (size before relaxing)
 .comment       0x00000049       0x4a ./startup/startup_mk64f12.o
 .comment       0x00000049       0x4a ./source/MK64F12_Project_Adega.o
 .comment       0x00000049       0x4a ./source/semihost_hardfault.o
 .comment       0x00000049       0x4a ./drivers/fsl_adc16.o
 .comment       0x00000049       0x4a ./drivers/fsl_clock.o
 .comment       0x00000049       0x4a ./drivers/fsl_gpio.o
 .comment       0x00000049       0x4a ./drivers/fsl_i2c.o
 .comment       0x00000049       0x4a ./drivers/fsl_pit.o
 .comment       0x00000049       0x4a ./drivers/fsl_uart.o
 .comment       0x00000049       0x4a ./device/system_MK64F12.o
 .comment       0x00000049       0x4a ./component/uart/fsl_adapter_uart.o
 .comment       0x00000049       0x4a ./component/serial_manager/fsl_component_serial_manager.o
 .comment       0x00000049       0x4a ./component/serial_manager/fsl_component_serial_port_uart.o
 .comment       0x00000049       0x4a ./board/board.o
 .comment       0x00000049       0x4a ./board/clock_config.o
 .comment       0x00000049       0x4a ./board/peripherals.o
 .comment       0x00000049       0x4a ./board/pin_mux.o
 .comment       0x00000049       0x4a c:/nxp/mcuxpressoide_11.7.1_9221/ide/plugins/com.nxp.mcuxpresso.tools.win32_11.7.1.202301190959/tools/bin/../lib/gcc/arm-none-eabi/10.3.1/../../../../arm-none-eabi/lib/thumb/v7e-m+fp/hard\libcr_nohost_nf.a(_cr__main.o)
 .comment       0x00000049       0x4a c:/nxp/mcuxpressoide_11.7.1_9221/ide/plugins/com.nxp.mcuxpresso.tools.win32_11.7.1.202301190959/tools/bin/../lib/gcc/arm-none-eabi/10.3.1/../../../../arm-none-eabi/lib/thumb/v7e-m+fp/hard\libcr_nohost_nf.a(_cr_assert.o)
 .comment       0x00000049       0x4a c:/nxp/mcuxpressoide_11.7.1_9221/ide/plugins/com.nxp.mcuxpresso.tools.win32_11.7.1.202301190959/tools/bin/../lib/gcc/arm-none-eabi/10.3.1/../../../../arm-none-eabi/lib/thumb/v7e-m+fp/hard\libcr_nohost_nf.a(__ciob.o)
 .comment       0x00000049       0x4a c:/nxp/mcuxpressoide_11.7.1_9221/ide/plugins/com.nxp.mcuxpresso.tools.win32_11.7.1.202301190959/tools/bin/../lib/gcc/arm-none-eabi/10.3.1/../../../../arm-none-eabi/lib/thumb/v7e-m+fp/hard\libcr_nohost_nf.a(__sys_appexit.o)
 .comment       0x00000049       0x4a c:/nxp/mcuxpressoide_11.7.1_9221/ide/plugins/com.nxp.mcuxpresso.tools.win32_11.7.1.202301190959/tools/bin/../lib/gcc/arm-none-eabi/10.3.1/../../../../arm-none-eabi/lib/thumb/v7e-m+fp/hard\libcr_c.a(memset.o)
 .comment       0x00000049       0x4a c:/nxp/mcuxpressoide_11.7.1_9221/ide/plugins/com.nxp.mcuxpresso.tools.win32_11.7.1.202301190959/tools/bin/../lib/gcc/arm-none-eabi/10.3.1/../../../../arm-none-eabi/lib/thumb/v7e-m+fp/hard\libcr_c.a(_deferredlazyseek.o)
 .comment       0x00000049       0x4a c:/nxp/mcuxpressoide_11.7.1_9221/ide/plugins/com.nxp.mcuxpresso.tools.win32_11.7.1.202301190959/tools/bin/../lib/gcc/arm-none-eabi/10.3.1/../../../../arm-none-eabi/lib/thumb/v7e-m+fp/hard\libcr_c.a(_fflush.o)
 .comment       0x00000049       0x4a c:/nxp/mcuxpressoide_11.7.1_9221/ide/plugins/com.nxp.mcuxpresso.tools.win32_11.7.1.202301190959/tools/bin/../lib/gcc/arm-none-eabi/10.3.1/../../../../arm-none-eabi/lib/thumb/v7e-m+fp/hard\libcr_c.a(_writebuf.o)
 .comment       0x00000049       0x4a c:/nxp/mcuxpressoide_11.7.1_9221/ide/plugins/com.nxp.mcuxpresso.tools.win32_11.7.1.202301190959/tools/bin/../lib/gcc/arm-none-eabi/10.3.1/../../../../arm-none-eabi/lib/thumb/v7e-m+fp/hard\libcr_c.a(alloc.o)
 .comment       0x00000049       0x4a c:/nxp/mcuxpressoide_11.7.1_9221/ide/plugins/com.nxp.mcuxpresso.tools.win32_11.7.1.202301190959/tools/bin/../lib/gcc/arm-none-eabi/10.3.1/../../../../arm-none-eabi/lib/thumb/v7e-m+fp/hard\libcr_c.a(errno.o)
 .comment       0x00000049       0x4a c:/nxp/mcuxpressoide_11.7.1_9221/ide/plugins/com.nxp.mcuxpresso.tools.win32_11.7.1.202301190959/tools/bin/../lib/gcc/arm-none-eabi/10.3.1/../../../../arm-none-eabi/lib/thumb/v7e-m+fp/hard\libcr_c.a(fputs.o)
 .comment       0x00000049       0x4a c:/nxp/mcuxpressoide_11.7.1_9221/ide/plugins/com.nxp.mcuxpresso.tools.win32_11.7.1.202301190959/tools/bin/../lib/gcc/arm-none-eabi/10.3.1/../../../../arm-none-eabi/lib/thumb/v7e-m+fp/hard\libcr_c.a(fseek.o)
 .comment       0x00000049       0x4a c:/nxp/mcuxpressoide_11.7.1_9221/ide/plugins/com.nxp.mcuxpresso.tools.win32_11.7.1.202301190959/tools/bin/../lib/gcc/arm-none-eabi/10.3.1/../../../../arm-none-eabi/lib/thumb/v7e-m+fp/hard\libcr_c.a(ftell.o)
 .comment       0x00000049       0x4a c:/nxp/mcuxpressoide_11.7.1_9221/ide/plugins/com.nxp.mcuxpresso.tools.win32_11.7.1.202301190959/tools/bin/../lib/gcc/arm-none-eabi/10.3.1/../../../../arm-none-eabi/lib/thumb/v7e-m+fp/hard\libcr_c.a(initio.o)
 .comment       0x00000049       0x4a c:/nxp/mcuxpressoide_11.7.1_9221/ide/plugins/com.nxp.mcuxpresso.tools.win32_11.7.1.202301190959/tools/bin/../lib/gcc/arm-none-eabi/10.3.1/../../../../arm-none-eabi/lib/thumb/v7e-m+fp/hard\libcr_c.a(log.o)
 .comment       0x00000049       0x4a c:/nxp/mcuxpressoide_11.7.1_9221/ide/plugins/com.nxp.mcuxpresso.tools.win32_11.7.1.202301190959/tools/bin/../lib/gcc/arm-none-eabi/10.3.1/../../../../arm-none-eabi/lib/thumb/v7e-m+fp/hard\libcr_c.a(printf.o)
 .comment       0x00000049       0x4a c:/nxp/mcuxpressoide_11.7.1_9221/ide/plugins/com.nxp.mcuxpresso.tools.win32_11.7.1.202301190959/tools/bin/../lib/gcc/arm-none-eabi/10.3.1/../../../../arm-none-eabi/lib/thumb/v7e-m+fp/hard\libcr_c.a(setvbuf.o)
 .comment       0x00000049       0x4a c:/nxp/mcuxpressoide_11.7.1_9221/ide/plugins/com.nxp.mcuxpresso.tools.win32_11.7.1.202301190959/tools/bin/../lib/gcc/arm-none-eabi/10.3.1/../../../../arm-none-eabi/lib/thumb/v7e-m+fp/hard\libcr_c.a(strlen.o)
 .comment       0x00000049       0x4a c:/nxp/mcuxpressoide_11.7.1_9221/ide/plugins/com.nxp.mcuxpresso.tools.win32_11.7.1.202301190959/tools/bin/../lib/gcc/arm-none-eabi/10.3.1/../../../../arm-none-eabi/lib/thumb/v7e-m+fp/hard\libcr_c.a(__init_alloc.o)
 .comment       0x00000049       0x4a c:/nxp/mcuxpressoide_11.7.1_9221/ide/plugins/com.nxp.mcuxpresso.tools.win32_11.7.1.202301190959/tools/bin/../lib/gcc/arm-none-eabi/10.3.1/../../../../arm-none-eabi/lib/thumb/v7e-m+fp/hard\libcr_c.a(_cr_sbrk.o)
 .comment       0x00000049       0x4a c:/nxp/mcuxpressoide_11.7.1_9221/ide/plugins/com.nxp.mcuxpresso.tools.win32_11.7.1.202301190959/tools/bin/../lib/gcc/arm-none-eabi/10.3.1/../../../../arm-none-eabi/lib/thumb/v7e-m+fp/hard\libcr_c.a(_fdopen.o)
 .comment       0x00000049       0x4a c:/nxp/mcuxpressoide_11.7.1_9221/ide/plugins/com.nxp.mcuxpresso.tools.win32_11.7.1.202301190959/tools/bin/../lib/gcc/arm-none-eabi/10.3.1/../../../../arm-none-eabi/lib/thumb/v7e-m+fp/hard\libcr_c.a(fclose.o)
 .comment       0x00000049       0x4a c:/nxp/mcuxpressoide_11.7.1_9221/ide/plugins/com.nxp.mcuxpresso.tools.win32_11.7.1.202301190959/tools/bin/../lib/gcc/arm-none-eabi/10.3.1/../../../../arm-none-eabi/lib/thumb/v7e-m+fp/hard\libcr_c.a(fflush.o)
 .comment       0x00000049       0x4a c:/nxp/mcuxpressoide_11.7.1_9221/ide/plugins/com.nxp.mcuxpresso.tools.win32_11.7.1.202301190959/tools/bin/../lib/gcc/arm-none-eabi/10.3.1/../../../../arm-none-eabi/lib/thumb/v7e-m+fp/hard\libcr_c.a(frexp.o)
 .comment       0x00000049       0x4a c:/nxp/mcuxpressoide_11.7.1_9221/ide/plugins/com.nxp.mcuxpresso.tools.win32_11.7.1.202301190959/tools/bin/../lib/gcc/arm-none-eabi/10.3.1/../../../../arm-none-eabi/lib/thumb/v7e-m+fp/hard\libcr_c.a(remove.o)