C:\Users\mauri\Documents\Adega\drivers/fsl_gpio.h:191:20:GPIO_PortSet	16	static
C:\Users\mauri\Documents\Adega\drivers/fsl_gpio.h:206:20:GPIO_PortClear	16	static
C:\Users\mauri\Documents\Adega\drivers/fsl_pit.h:220:20:PIT_ClearStatusFlags	24	static
C:\Users\mauri\Documents\Adega\drivers/fsl_adc16.h:491:24:ADC16_GetChannelConversionValue	16	static
../source/MK64F12_Project_Adega.c:67:6:PIT0_IRQHandler	16	static
../source/MK64F12_Project_Adega.c:86:7:convertToTemperature	32	static
../source/MK64F12_Project_Adega.c:102:5:main	8	static
