C:\Users\mauri\Documents\MCUXpressoIDE_11.7.1_9221\workspace\MK64F12_Project_Adega\drivers/fsl_gpio.h:191:20:GPIO_PortSet	16	static
C:\Users\mauri\Documents\MCUXpressoIDE_11.7.1_9221\workspace\MK64F12_Project_Adega\drivers/fsl_gpio.h:206:20:GPIO_PortClear	16	static
C:\Users\mauri\Documents\MCUXpressoIDE_11.7.1_9221\workspace\MK64F12_Project_Adega\drivers/fsl_pit.h:220:20:PIT_ClearStatusFlags	24	static
C:\Users\mauri\Documents\MCUXpressoIDE_11.7.1_9221\workspace\MK64F12_Project_Adega\drivers/fsl_adc16.h:491:24:ADC16_GetChannelConversionValue	16	static
../source/MK64F12_Project_Adega.c:80:6:PIT0_IRQHandler	16	static
../source/MK64F12_Project_Adega.c:99:7:convertToTemperature	48	static
../source/MK64F12_Project_Adega.c:118:5:main	8	static
